MPLINK 4.43, Linker
Linker Map File - Created Sun Jul 08 09:34:11 2012

                                 Section Info
                  Section       Type    Address   Location Size(Bytes)
                ---------  ---------  ---------  ---------  ---------
               _entry_scn       code   0x000000    program   0x000006
    HIGH_INTERRUPT_VECTOR       code   0x000008    program   0x000006
     LOW_INTERRUPT_VECTOR       code   0x000018    program   0x000006
    REMAPPED_RESET_VECTOR       code   0x001000    program   0x000006
REMAPPED_HIGH_INTERRUPT_VECTOR       code   0x001008    program   0x000006
REMAPPED_LOW_INTERRUPT_VECTOR       code   0x001018    program   0x000006
                   .cinit    romdata   0x00102a    program   0x00000e
     .code_USBFunctions.o       code   0x001038    program   0x00088e
     .code_USBDemoBoard.o       code   0x0018c6    program   0x0000d2
  .romdata_USBFunctions.o    romdata   0x001998    program   0x0000c6
               _cinit_scn       code   0x001a5e    program   0x00009e
                    .code       code   0x001afc    program   0x000020
             _startup_scn       code   0x001b1c    program   0x00001c
           .code___init.o       code   0x001b38    program   0x000002
        .idata___init.o_i    romdata   0x001b3a    program   0x000000
        .romdata___init.o    romdata   0x001b3a    program   0x000000
  .idata_USBFunctions.o_i    romdata   0x001b3a    program   0x000001
         .idata_c018i.o_i    romdata   0x001b3a    program   0x000000
         .romdata_c018i.o    romdata   0x001b3a    program   0x000000
  .romdata_USBDemoBoard.o    romdata   0x001b3a    program   0x000000
  .idata_USBDemoBoard.o_i    romdata   0x001b3b    program   0x000000
            .code_c018i.o       code   0x001b3c    program   0x000000
.config_300000_USBDemoBoard.o    romdata   0x300000    program   0x000001
.config_300001_USBDemoBoard.o    romdata   0x300001    program   0x000001
.config_300002_USBDemoBoard.o    romdata   0x300002    program   0x000001
.config_300003_USBDemoBoard.o    romdata   0x300003    program   0x000001
.config_300005_USBDemoBoard.o    romdata   0x300005    program   0x000001
.config_300006_USBDemoBoard.o    romdata   0x300006    program   0x000001
.config_300008_USBDemoBoard.o    romdata   0x300008    program   0x000001
.config_300009_USBDemoBoard.o    romdata   0x300009    program   0x000001
.config_30000a_USBDemoBoard.o    romdata   0x30000a    program   0x000001
.config_30000b_USBDemoBoard.o    romdata   0x30000b    program   0x000001
.config_30000c_USBDemoBoard.o    romdata   0x30000c    program   0x000001
.config_30000d_USBDemoBoard.o    romdata   0x30000d    program   0x000001
                MATH_DATA      udata   0x000000       data   0x000002
                 .tmpdata      udata   0x000002       data   0x000002
    .udata_USBFunctions.o      udata   0x000060       data   0x00000f
           .udata_c018i.o      udata   0x00006f       data   0x00000a
    .idata_USBFunctions.o      idata   0x000079       data   0x000001
           .idata_c018i.o      idata   0x00007a       data   0x000000
    .udata_USBDemoBoard.o      udata   0x00007a       data   0x000000
    .idata_USBDemoBoard.o      idata   0x00007a       data   0x000000
          .udata___init.o      udata   0x00007a       data   0x000000
          .idata___init.o      idata   0x00007a       data   0x000000
                   .stack      udata   0x000300       data   0x000100
                  USB_BDT      udata   0x000400       data   0x000020
                 USB_VARS      udata   0x000420       data   0x000082
            SFR_UNBANKED0      udata   0x000f62       data   0x00009e



                              Program Memory Usage 
                               Start         End      
                           ---------   ---------      
                            0x000000    0x000005      
                            0x000008    0x00000d      
                            0x000018    0x00001d      
                            0x001000    0x001005      
                            0x001008    0x00100d      
                            0x001018    0x00101d      
                            0x00102a    0x001b3a      
                            0x300000    0x300003      
                            0x300005    0x300006      
                            0x300008    0x30000d      
            2881 out of 33048 program addresses used, program memory utilization is 8%



                              Symbols - Sorted by Name
                     Name    Address   Location    Storage File                     
                ---------  ---------  ---------  --------- ---------                
       USBCheckHIDRequest   0x0013c8    program     extern C:\PIC programs\USBDemoBoard_Firmware_4_6_1\USBFunctions.c
  USBCheckStandardRequest   0x00129c    program     extern C:\PIC programs\USBDemoBoard_Firmware_4_6_1\USBFunctions.c
USBControlTransferReceive   0x0015aa    program     extern C:\PIC programs\USBDemoBoard_Firmware_4_6_1\USBFunctions.c
USBControlTransferTransmit   0x001686    program     extern C:\PIC programs\USBDemoBoard_Firmware_4_6_1\USBFunctions.c
    USBEP0ControlTransfer   0x001264    program     extern C:\PIC programs\USBDemoBoard_Firmware_4_6_1\USBFunctions.c
USBFinishControlTransferStuff   0x001428    program     extern C:\PIC programs\USBDemoBoard_Firmware_4_6_1\USBFunctions.c
     USBInControlTransfer   0x001512    program     extern C:\PIC programs\USBDemoBoard_Firmware_4_6_1\USBFunctions.c
                  USBInit   0x001038    program     extern C:\PIC programs\USBDemoBoard_Firmware_4_6_1\USBFunctions.c
    USBOutControlTransfer   0x001502    program     extern C:\PIC programs\USBDemoBoard_Firmware_4_6_1\USBFunctions.c
USBPrepareForNextSetupTransfer   0x00175c    program     extern C:\PIC programs\USBDemoBoard_Firmware_4_6_1\USBFunctions.c
  USBSetupControlTransfer   0x001284    program     extern C:\PIC programs\USBDemoBoard_Firmware_4_6_1\USBFunctions.c
          USBStallHandler   0x00123c    program     extern C:\PIC programs\USBDemoBoard_Firmware_4_6_1\USBFunctions.c
               USBSuspend   0x001234    program     extern C:\PIC programs\USBDemoBoard_Firmware_4_6_1\USBFunctions.c
                 USBTasks   0x001120    program     extern C:\PIC programs\USBDemoBoard_Firmware_4_6_1\USBFunctions.c
       USBWakeFromSuspend   0x001226    program     extern C:\PIC programs\USBDemoBoard_Firmware_4_6_1\USBFunctions.c
       ___return_lbl00000   0x00000c    program     static                          
       ___return_lbl00000   0x000004    program     static                          
       ___return_lbl00001   0x00100c    program     static                          
       ___return_lbl00001   0x001b36    program     static                          
       ___return_lbl00002   0x001afa    program     static                          
       ___return_lbl00003   0x00001c    program     static                          
       ___return_lbl00004   0x00101c    program     static                          
       ___return_lbl00006   0x001004    program     static                          
               __config_0   0x300000    program     static C:\PIC programs\USBDemoBoard_Firmware_4_6_1\USBDemoBoard.c
               __config_1   0x300001    program     static C:\PIC programs\USBDemoBoard_Firmware_4_6_1\USBDemoBoard.c
              __config_10   0x30000c    program     static C:\PIC programs\USBDemoBoard_Firmware_4_6_1\USBDemoBoard.c
              __config_11   0x30000d    program     static C:\PIC programs\USBDemoBoard_Firmware_4_6_1\USBDemoBoard.c
               __config_2   0x300002    program     static C:\PIC programs\USBDemoBoard_Firmware_4_6_1\USBDemoBoard.c
               __config_3   0x300003    program     static C:\PIC programs\USBDemoBoard_Firmware_4_6_1\USBDemoBoard.c
               __config_4   0x300005    program     static C:\PIC programs\USBDemoBoard_Firmware_4_6_1\USBDemoBoard.c
               __config_5   0x300006    program     static C:\PIC programs\USBDemoBoard_Firmware_4_6_1\USBDemoBoard.c
               __config_6   0x300008    program     static C:\PIC programs\USBDemoBoard_Firmware_4_6_1\USBDemoBoard.c
               __config_7   0x300009    program     static C:\PIC programs\USBDemoBoard_Firmware_4_6_1\USBDemoBoard.c
               __config_8   0x30000a    program     static C:\PIC programs\USBDemoBoard_Firmware_4_6_1\USBDemoBoard.c
               __config_9   0x30000b    program     static C:\PIC programs\USBDemoBoard_Firmware_4_6_1\USBDemoBoard.c
                   __init   0x001b38    program     extern E:\MPASM_MPLINK_PIC18_LT_Branch_3_42\pic18-lt\cxx-framework\src\traditional\stdclib\__init.c
            __zero_memory   0x001afc    program     extern E:\MPASM_MPLINK_PIC18_LT_Branch_3_42\pic18-lt\cxx-framework\src\traditional\proc\p18f4550.asm
                _do_cinit   0x001a5e    program     extern E:\MPASM_MPLINK_PIC18_LT_Branch_3_42\pic18-lt\cxx-framework\src\traditional\startup\c018i.c
                   _entry   0x000000    program     extern E:\MPASM_MPLINK_PIC18_LT_Branch_3_42\pic18-lt\cxx-framework\src\traditional\startup\c018i.c
                   _reset   0x001000    program     extern C:\PIC programs\USBDemoBoard_Firmware_4_6_1\USBDemoBoard.c
                 _startup   0x001b1c    program     extern E:\MPASM_MPLINK_PIC18_LT_Branch_3_42\pic18-lt\cxx-framework\src\traditional\startup\c018i.c
                compare_l   0x001b12    program     static E:\MPASM_MPLINK_PIC18_LT_Branch_3_42\pic18-lt\cxx-framework\src\traditional\proc\p18f4550.asm
                copy_loop   0x001ad0    program     static                          
            copy_one_byte   0x001ad6    program     static                          
                     done   0x001afa    program     static                          
             done_copying   0x001ae4    program     static                          
            g_HIDReport01   0x001a39    program     extern C:\PIC programs\USBDemoBoard_Firmware_4_6_1\USBFunctions.c
       g_USBStringDescPtr   0x001a58    program     extern C:\PIC programs\USBDemoBoard_Firmware_4_6_1\USBFunctions.c
      g_configDescriptor1   0x0019aa    program     extern C:\PIC programs\USBDemoBoard_Firmware_4_6_1\USBFunctions.c
      g_stringDescript000   0x0019d3    program     extern C:\PIC programs\USBDemoBoard_Firmware_4_6_1\USBFunctions.c
      g_stringDescript001   0x0019d7    program     extern C:\PIC programs\USBDemoBoard_Firmware_4_6_1\USBFunctions.c
      g_stringDescript002   0x001a0b    program     extern C:\PIC programs\USBDemoBoard_Firmware_4_6_1\USBFunctions.c
g_userConfigDescriptorPtr   0x001a56    program     extern C:\PIC programs\USBDemoBoard_Firmware_4_6_1\USBFunctions.c
   g_userDeviceDescriptor   0x001998    program     extern C:\PIC programs\USBDemoBoard_Firmware_4_6_1\USBFunctions.c
                  highISR   0x000008    program     extern C:\PIC programs\USBDemoBoard_Firmware_4_6_1\USBDemoBoard.c
                     loop   0x001b2c    program     static                          
                   loop_h   0x001b0a    program     static E:\MPASM_MPLINK_PIC18_LT_Branch_3_42\pic18-lt\cxx-framework\src\traditional\proc\p18f4550.asm
                   loop_l   0x001b14    program     static E:\MPASM_MPLINK_PIC18_LT_Branch_3_42\pic18-lt\cxx-framework\src\traditional\proc\p18f4550.asm
                   lowISR   0x000018    program     extern C:\PIC programs\USBDemoBoard_Firmware_4_6_1\USBDemoBoard.c
                     main   0x0018fe    program     extern C:\PIC programs\USBDemoBoard_Firmware_4_6_1\USBDemoBoard.c
            receiveViaUSB   0x00181e    program     extern C:\PIC programs\USBDemoBoard_Firmware_4_6_1\USBFunctions.c
          remappedHighISR   0x001008    program     extern C:\PIC programs\USBDemoBoard_Firmware_4_6_1\USBDemoBoard.c
           remappedLowISR   0x001018    program     extern C:\PIC programs\USBDemoBoard_Firmware_4_6_1\USBDemoBoard.c
               sendViaUSB   0x00183e    program     extern C:\PIC programs\USBDemoBoard_Firmware_4_6_1\USBFunctions.c
                     test   0x001a78    program     static                          
transferFromDeviceToHostViaEP1   0x001892    program     extern C:\PIC programs\USBDemoBoard_Firmware_4_6_1\USBFunctions.c
transferFromHostToDeviceViaEP1   0x00185e    program     extern C:\PIC programs\USBDemoBoard_Firmware_4_6_1\USBFunctions.c
  yourHighPriorityISRCode   0x0018c6    program     extern C:\PIC programs\USBDemoBoard_Firmware_4_6_1\USBDemoBoard.c
                 yourInit   0x00190e    program     extern C:\PIC programs\USBDemoBoard_Firmware_4_6_1\USBDemoBoard.c
   yourLowPriorityISRCode   0x0018d8    program     extern C:\PIC programs\USBDemoBoard_Firmware_4_6_1\USBDemoBoard.c
                yourTasks   0x001928    program     extern C:\PIC programs\USBDemoBoard_Firmware_4_6_1\USBDemoBoard.c
               zero_block   0x001b0a    program     static E:\MPASM_MPLINK_PIC18_LT_Branch_3_42\pic18-lt\cxx-framework\src\traditional\proc\p18f4550.asm
                   ADCON0   0x000fc2       data     extern E:\MPASM_MPLINK_PIC18_LT_Branch_3_42\pic18-lt\cxx-framework\src\traditional\proc\p18f4550.asm
               ADCON0bits   0x000fc2       data     extern E:\MPASM_MPLINK_PIC18_LT_Branch_3_42\pic18-lt\cxx-framework\src\traditional\proc\p18f4550.asm
                   ADCON1   0x000fc1       data     extern E:\MPASM_MPLINK_PIC18_LT_Branch_3_42\pic18-lt\cxx-framework\src\traditional\proc\p18f4550.asm
               ADCON1bits   0x000fc1       data     extern E:\MPASM_MPLINK_PIC18_LT_Branch_3_42\pic18-lt\cxx-framework\src\traditional\proc\p18f4550.asm
                   ADCON2   0x000fc0       data     extern E:\MPASM_MPLINK_PIC18_LT_Branch_3_42\pic18-lt\cxx-framework\src\traditional\proc\p18f4550.asm
               ADCON2bits   0x000fc0       data     extern E:\MPASM_MPLINK_PIC18_LT_Branch_3_42\pic18-lt\cxx-framework\src\traditional\proc\p18f4550.asm
                    ADRES   0x000fc3       data     extern E:\MPASM_MPLINK_PIC18_LT_Branch_3_42\pic18-lt\cxx-framework\src\traditional\proc\p18f4550.asm
                   ADRESH   0x000fc4       data     extern E:\MPASM_MPLINK_PIC18_LT_Branch_3_42\pic18-lt\cxx-framework\src\traditional\proc\p18f4550.asm
                   ADRESL   0x000fc3       data     extern E:\MPASM_MPLINK_PIC18_LT_Branch_3_42\pic18-lt\cxx-framework\src\traditional\proc\p18f4550.asm
                  BAUDCON   0x000fb8       data     extern E:\MPASM_MPLINK_PIC18_LT_Branch_3_42\pic18-lt\cxx-framework\src\traditional\proc\p18f4550.asm
              BAUDCONbits   0x000fb8       data     extern E:\MPASM_MPLINK_PIC18_LT_Branch_3_42\pic18-lt\cxx-framework\src\traditional\proc\p18f4550.asm
                  BAUDCTL   0x000fb8       data     extern E:\MPASM_MPLINK_PIC18_LT_Branch_3_42\pic18-lt\cxx-framework\src\traditional\proc\p18f4550.asm
              BAUDCTLbits   0x000fb8       data     extern E:\MPASM_MPLINK_PIC18_LT_Branch_3_42\pic18-lt\cxx-framework\src\traditional\proc\p18f4550.asm
                      BSR   0x000fe0       data     extern E:\MPASM_MPLINK_PIC18_LT_Branch_3_42\pic18-lt\cxx-framework\src\traditional\proc\p18f4550.asm
                   CCP1AS   0x000fb6       data     extern E:\MPASM_MPLINK_PIC18_LT_Branch_3_42\pic18-lt\cxx-framework\src\traditional\proc\p18f4550.asm
               CCP1ASbits   0x000fb6       data     extern E:\MPASM_MPLINK_PIC18_LT_Branch_3_42\pic18-lt\cxx-framework\src\traditional\proc\p18f4550.asm
                  CCP1CON   0x000fbd       data     extern E:\MPASM_MPLINK_PIC18_LT_Branch_3_42\pic18-lt\cxx-framework\src\traditional\proc\p18f4550.asm
              CCP1CONbits   0x000fbd       data     extern E:\MPASM_MPLINK_PIC18_LT_Branch_3_42\pic18-lt\cxx-framework\src\traditional\proc\p18f4550.asm
                  CCP1DEL   0x000fb7       data     extern E:\MPASM_MPLINK_PIC18_LT_Branch_3_42\pic18-lt\cxx-framework\src\traditional\proc\p18f4550.asm
              CCP1DELbits   0x000fb7       data     extern E:\MPASM_MPLINK_PIC18_LT_Branch_3_42\pic18-lt\cxx-framework\src\traditional\proc\p18f4550.asm
                  CCP2CON   0x000fba       data     extern E:\MPASM_MPLINK_PIC18_LT_Branch_3_42\pic18-lt\cxx-framework\src\traditional\proc\p18f4550.asm
              CCP2CONbits   0x000fba       data     extern E:\MPASM_MPLINK_PIC18_LT_Branch_3_42\pic18-lt\cxx-framework\src\traditional\proc\p18f4550.asm
                    CCPR1   0x000fbe       data     extern E:\MPASM_MPLINK_PIC18_LT_Branch_3_42\pic18-lt\cxx-framework\src\traditional\proc\p18f4550.asm
                   CCPR1H   0x000fbf       data     extern E:\MPASM_MPLINK_PIC18_LT_Branch_3_42\pic18-lt\cxx-framework\src\traditional\proc\p18f4550.asm
                   CCPR1L   0x000fbe       data     extern E:\MPASM_MPLINK_PIC18_LT_Branch_3_42\pic18-lt\cxx-framework\src\traditional\proc\p18f4550.asm
                    CCPR2   0x000fbb       data     extern E:\MPASM_MPLINK_PIC18_LT_Branch_3_42\pic18-lt\cxx-framework\src\traditional\proc\p18f4550.asm
                   CCPR2H   0x000fbc       data     extern E:\MPASM_MPLINK_PIC18_LT_Branch_3_42\pic18-lt\cxx-framework\src\traditional\proc\p18f4550.asm
                   CCPR2L   0x000fbb       data     extern E:\MPASM_MPLINK_PIC18_LT_Branch_3_42\pic18-lt\cxx-framework\src\traditional\proc\p18f4550.asm
                    CMCON   0x000fb4       data     extern E:\MPASM_MPLINK_PIC18_LT_Branch_3_42\pic18-lt\cxx-framework\src\traditional\proc\p18f4550.asm
                CMCONbits   0x000fb4       data     extern E:\MPASM_MPLINK_PIC18_LT_Branch_3_42\pic18-lt\cxx-framework\src\traditional\proc\p18f4550.asm
                   CVRCON   0x000fb5       data     extern E:\MPASM_MPLINK_PIC18_LT_Branch_3_42\pic18-lt\cxx-framework\src\traditional\proc\p18f4550.asm
               CVRCONbits   0x000fb5       data     extern E:\MPASM_MPLINK_PIC18_LT_Branch_3_42\pic18-lt\cxx-framework\src\traditional\proc\p18f4550.asm
                     DDRA   0x000f92       data     extern E:\MPASM_MPLINK_PIC18_LT_Branch_3_42\pic18-lt\cxx-framework\src\traditional\proc\p18f4550.asm
                 DDRAbits   0x000f92       data     extern E:\MPASM_MPLINK_PIC18_LT_Branch_3_42\pic18-lt\cxx-framework\src\traditional\proc\p18f4550.asm
                     DDRB   0x000f93       data     extern E:\MPASM_MPLINK_PIC18_LT_Branch_3_42\pic18-lt\cxx-framework\src\traditional\proc\p18f4550.asm
                 DDRBbits   0x000f93       data     extern E:\MPASM_MPLINK_PIC18_LT_Branch_3_42\pic18-lt\cxx-framework\src\traditional\proc\p18f4550.asm
                     DDRC   0x000f94       data     extern E:\MPASM_MPLINK_PIC18_LT_Branch_3_42\pic18-lt\cxx-framework\src\traditional\proc\p18f4550.asm
                 DDRCbits   0x000f94       data     extern E:\MPASM_MPLINK_PIC18_LT_Branch_3_42\pic18-lt\cxx-framework\src\traditional\proc\p18f4550.asm
                     DDRD   0x000f95       data     extern E:\MPASM_MPLINK_PIC18_LT_Branch_3_42\pic18-lt\cxx-framework\src\traditional\proc\p18f4550.asm
                 DDRDbits   0x000f95       data     extern E:\MPASM_MPLINK_PIC18_LT_Branch_3_42\pic18-lt\cxx-framework\src\traditional\proc\p18f4550.asm
                     DDRE   0x000f96       data     extern E:\MPASM_MPLINK_PIC18_LT_Branch_3_42\pic18-lt\cxx-framework\src\traditional\proc\p18f4550.asm
                 DDREbits   0x000f96       data     extern E:\MPASM_MPLINK_PIC18_LT_Branch_3_42\pic18-lt\cxx-framework\src\traditional\proc\p18f4550.asm
                  ECCP1AS   0x000fb6       data     extern E:\MPASM_MPLINK_PIC18_LT_Branch_3_42\pic18-lt\cxx-framework\src\traditional\proc\p18f4550.asm
              ECCP1ASbits   0x000fb6       data     extern E:\MPASM_MPLINK_PIC18_LT_Branch_3_42\pic18-lt\cxx-framework\src\traditional\proc\p18f4550.asm
                 ECCP1CON   0x000fbd       data     extern E:\MPASM_MPLINK_PIC18_LT_Branch_3_42\pic18-lt\cxx-framework\src\traditional\proc\p18f4550.asm
             ECCP1CONbits   0x000fbd       data     extern E:\MPASM_MPLINK_PIC18_LT_Branch_3_42\pic18-lt\cxx-framework\src\traditional\proc\p18f4550.asm
                 ECCP1DEL   0x000fb7       data     extern E:\MPASM_MPLINK_PIC18_LT_Branch_3_42\pic18-lt\cxx-framework\src\traditional\proc\p18f4550.asm
             ECCP1DELbits   0x000fb7       data     extern E:\MPASM_MPLINK_PIC18_LT_Branch_3_42\pic18-lt\cxx-framework\src\traditional\proc\p18f4550.asm
                    EEADR   0x000fa9       data     extern E:\MPASM_MPLINK_PIC18_LT_Branch_3_42\pic18-lt\cxx-framework\src\traditional\proc\p18f4550.asm
                   EECON1   0x000fa6       data     extern E:\MPASM_MPLINK_PIC18_LT_Branch_3_42\pic18-lt\cxx-framework\src\traditional\proc\p18f4550.asm
               EECON1bits   0x000fa6       data     extern E:\MPASM_MPLINK_PIC18_LT_Branch_3_42\pic18-lt\cxx-framework\src\traditional\proc\p18f4550.asm
                   EECON2   0x000fa7       data     extern E:\MPASM_MPLINK_PIC18_LT_Branch_3_42\pic18-lt\cxx-framework\src\traditional\proc\p18f4550.asm
                   EEDATA   0x000fa8       data     extern E:\MPASM_MPLINK_PIC18_LT_Branch_3_42\pic18-lt\cxx-framework\src\traditional\proc\p18f4550.asm
                     FSR0   0x000fe9       data     extern E:\MPASM_MPLINK_PIC18_LT_Branch_3_42\pic18-lt\cxx-framework\src\traditional\proc\p18f4550.asm
                    FSR0H   0x000fea       data     extern E:\MPASM_MPLINK_PIC18_LT_Branch_3_42\pic18-lt\cxx-framework\src\traditional\proc\p18f4550.asm
                    FSR0L   0x000fe9       data     extern E:\MPASM_MPLINK_PIC18_LT_Branch_3_42\pic18-lt\cxx-framework\src\traditional\proc\p18f4550.asm
                     FSR1   0x000fe1       data     extern E:\MPASM_MPLINK_PIC18_LT_Branch_3_42\pic18-lt\cxx-framework\src\traditional\proc\p18f4550.asm
                    FSR1H   0x000fe2       data     extern E:\MPASM_MPLINK_PIC18_LT_Branch_3_42\pic18-lt\cxx-framework\src\traditional\proc\p18f4550.asm
                    FSR1L   0x000fe1       data     extern E:\MPASM_MPLINK_PIC18_LT_Branch_3_42\pic18-lt\cxx-framework\src\traditional\proc\p18f4550.asm
                     FSR2   0x000fd9       data     extern E:\MPASM_MPLINK_PIC18_LT_Branch_3_42\pic18-lt\cxx-framework\src\traditional\proc\p18f4550.asm
                    FSR2H   0x000fda       data     extern E:\MPASM_MPLINK_PIC18_LT_Branch_3_42\pic18-lt\cxx-framework\src\traditional\proc\p18f4550.asm
                    FSR2L   0x000fd9       data     extern E:\MPASM_MPLINK_PIC18_LT_Branch_3_42\pic18-lt\cxx-framework\src\traditional\proc\p18f4550.asm
                  HLVDCON   0x000fd2       data     extern E:\MPASM_MPLINK_PIC18_LT_Branch_3_42\pic18-lt\cxx-framework\src\traditional\proc\p18f4550.asm
              HLVDCONbits   0x000fd2       data     extern E:\MPASM_MPLINK_PIC18_LT_Branch_3_42\pic18-lt\cxx-framework\src\traditional\proc\p18f4550.asm
                    INDF0   0x000fef       data     extern E:\MPASM_MPLINK_PIC18_LT_Branch_3_42\pic18-lt\cxx-framework\src\traditional\proc\p18f4550.asm
                    INDF1   0x000fe7       data     extern E:\MPASM_MPLINK_PIC18_LT_Branch_3_42\pic18-lt\cxx-framework\src\traditional\proc\p18f4550.asm
                    INDF2   0x000fdf       data     extern E:\MPASM_MPLINK_PIC18_LT_Branch_3_42\pic18-lt\cxx-framework\src\traditional\proc\p18f4550.asm
                   INTCON   0x000ff2       data     extern E:\MPASM_MPLINK_PIC18_LT_Branch_3_42\pic18-lt\cxx-framework\src\traditional\proc\p18f4550.asm
                  INTCON2   0x000ff1       data     extern E:\MPASM_MPLINK_PIC18_LT_Branch_3_42\pic18-lt\cxx-framework\src\traditional\proc\p18f4550.asm
              INTCON2bits   0x000ff1       data     extern E:\MPASM_MPLINK_PIC18_LT_Branch_3_42\pic18-lt\cxx-framework\src\traditional\proc\p18f4550.asm
                  INTCON3   0x000ff0       data     extern E:\MPASM_MPLINK_PIC18_LT_Branch_3_42\pic18-lt\cxx-framework\src\traditional\proc\p18f4550.asm
              INTCON3bits   0x000ff0       data     extern E:\MPASM_MPLINK_PIC18_LT_Branch_3_42\pic18-lt\cxx-framework\src\traditional\proc\p18f4550.asm
               INTCONbits   0x000ff2       data     extern E:\MPASM_MPLINK_PIC18_LT_Branch_3_42\pic18-lt\cxx-framework\src\traditional\proc\p18f4550.asm
                     IPR1   0x000f9f       data     extern E:\MPASM_MPLINK_PIC18_LT_Branch_3_42\pic18-lt\cxx-framework\src\traditional\proc\p18f4550.asm
                 IPR1bits   0x000f9f       data     extern E:\MPASM_MPLINK_PIC18_LT_Branch_3_42\pic18-lt\cxx-framework\src\traditional\proc\p18f4550.asm
                     IPR2   0x000fa2       data     extern E:\MPASM_MPLINK_PIC18_LT_Branch_3_42\pic18-lt\cxx-framework\src\traditional\proc\p18f4550.asm
                 IPR2bits   0x000fa2       data     extern E:\MPASM_MPLINK_PIC18_LT_Branch_3_42\pic18-lt\cxx-framework\src\traditional\proc\p18f4550.asm
                     LATA   0x000f89       data     extern E:\MPASM_MPLINK_PIC18_LT_Branch_3_42\pic18-lt\cxx-framework\src\traditional\proc\p18f4550.asm
                 LATAbits   0x000f89       data     extern E:\MPASM_MPLINK_PIC18_LT_Branch_3_42\pic18-lt\cxx-framework\src\traditional\proc\p18f4550.asm
                     LATB   0x000f8a       data     extern E:\MPASM_MPLINK_PIC18_LT_Branch_3_42\pic18-lt\cxx-framework\src\traditional\proc\p18f4550.asm
                 LATBbits   0x000f8a       data     extern E:\MPASM_MPLINK_PIC18_LT_Branch_3_42\pic18-lt\cxx-framework\src\traditional\proc\p18f4550.asm
                     LATC   0x000f8b       data     extern E:\MPASM_MPLINK_PIC18_LT_Branch_3_42\pic18-lt\cxx-framework\src\traditional\proc\p18f4550.asm
                 LATCbits   0x000f8b       data     extern E:\MPASM_MPLINK_PIC18_LT_Branch_3_42\pic18-lt\cxx-framework\src\traditional\proc\p18f4550.asm
                     LATD   0x000f8c       data     extern E:\MPASM_MPLINK_PIC18_LT_Branch_3_42\pic18-lt\cxx-framework\src\traditional\proc\p18f4550.asm
                 LATDbits   0x000f8c       data     extern E:\MPASM_MPLINK_PIC18_LT_Branch_3_42\pic18-lt\cxx-framework\src\traditional\proc\p18f4550.asm
                     LATE   0x000f8d       data     extern E:\MPASM_MPLINK_PIC18_LT_Branch_3_42\pic18-lt\cxx-framework\src\traditional\proc\p18f4550.asm
                 LATEbits   0x000f8d       data     extern E:\MPASM_MPLINK_PIC18_LT_Branch_3_42\pic18-lt\cxx-framework\src\traditional\proc\p18f4550.asm
                   LVDCON   0x000fd2       data     extern E:\MPASM_MPLINK_PIC18_LT_Branch_3_42\pic18-lt\cxx-framework\src\traditional\proc\p18f4550.asm
               LVDCONbits   0x000fd2       data     extern E:\MPASM_MPLINK_PIC18_LT_Branch_3_42\pic18-lt\cxx-framework\src\traditional\proc\p18f4550.asm
                   OSCCON   0x000fd3       data     extern E:\MPASM_MPLINK_PIC18_LT_Branch_3_42\pic18-lt\cxx-framework\src\traditional\proc\p18f4550.asm
               OSCCONbits   0x000fd3       data     extern E:\MPASM_MPLINK_PIC18_LT_Branch_3_42\pic18-lt\cxx-framework\src\traditional\proc\p18f4550.asm
                  OSCTUNE   0x000f9b       data     extern E:\MPASM_MPLINK_PIC18_LT_Branch_3_42\pic18-lt\cxx-framework\src\traditional\proc\p18f4550.asm
              OSCTUNEbits   0x000f9b       data     extern E:\MPASM_MPLINK_PIC18_LT_Branch_3_42\pic18-lt\cxx-framework\src\traditional\proc\p18f4550.asm
                       PC   0x000ff9       data     extern E:\MPASM_MPLINK_PIC18_LT_Branch_3_42\pic18-lt\cxx-framework\src\traditional\proc\p18f4550.asm
                      PCL   0x000ff9       data     extern E:\MPASM_MPLINK_PIC18_LT_Branch_3_42\pic18-lt\cxx-framework\src\traditional\proc\p18f4550.asm
                   PCLATH   0x000ffa       data     extern E:\MPASM_MPLINK_PIC18_LT_Branch_3_42\pic18-lt\cxx-framework\src\traditional\proc\p18f4550.asm
                   PCLATU   0x000ffb       data     extern E:\MPASM_MPLINK_PIC18_LT_Branch_3_42\pic18-lt\cxx-framework\src\traditional\proc\p18f4550.asm
                     PIE1   0x000f9d       data     extern E:\MPASM_MPLINK_PIC18_LT_Branch_3_42\pic18-lt\cxx-framework\src\traditional\proc\p18f4550.asm
                 PIE1bits   0x000f9d       data     extern E:\MPASM_MPLINK_PIC18_LT_Branch_3_42\pic18-lt\cxx-framework\src\traditional\proc\p18f4550.asm
                     PIE2   0x000fa0       data     extern E:\MPASM_MPLINK_PIC18_LT_Branch_3_42\pic18-lt\cxx-framework\src\traditional\proc\p18f4550.asm
                 PIE2bits   0x000fa0       data     extern E:\MPASM_MPLINK_PIC18_LT_Branch_3_42\pic18-lt\cxx-framework\src\traditional\proc\p18f4550.asm
                     PIR1   0x000f9e       data     extern E:\MPASM_MPLINK_PIC18_LT_Branch_3_42\pic18-lt\cxx-framework\src\traditional\proc\p18f4550.asm
                 PIR1bits   0x000f9e       data     extern E:\MPASM_MPLINK_PIC18_LT_Branch_3_42\pic18-lt\cxx-framework\src\traditional\proc\p18f4550.asm
                     PIR2   0x000fa1       data     extern E:\MPASM_MPLINK_PIC18_LT_Branch_3_42\pic18-lt\cxx-framework\src\traditional\proc\p18f4550.asm
                 PIR2bits   0x000fa1       data     extern E:\MPASM_MPLINK_PIC18_LT_Branch_3_42\pic18-lt\cxx-framework\src\traditional\proc\p18f4550.asm
                   PLUSW0   0x000feb       data     extern E:\MPASM_MPLINK_PIC18_LT_Branch_3_42\pic18-lt\cxx-framework\src\traditional\proc\p18f4550.asm
                   PLUSW1   0x000fe3       data     extern E:\MPASM_MPLINK_PIC18_LT_Branch_3_42\pic18-lt\cxx-framework\src\traditional\proc\p18f4550.asm
                   PLUSW2   0x000fdb       data     extern E:\MPASM_MPLINK_PIC18_LT_Branch_3_42\pic18-lt\cxx-framework\src\traditional\proc\p18f4550.asm
                    PORTA   0x000f80       data     extern E:\MPASM_MPLINK_PIC18_LT_Branch_3_42\pic18-lt\cxx-framework\src\traditional\proc\p18f4550.asm
                PORTAbits   0x000f80       data     extern E:\MPASM_MPLINK_PIC18_LT_Branch_3_42\pic18-lt\cxx-framework\src\traditional\proc\p18f4550.asm
                    PORTB   0x000f81       data     extern E:\MPASM_MPLINK_PIC18_LT_Branch_3_42\pic18-lt\cxx-framework\src\traditional\proc\p18f4550.asm
                PORTBbits   0x000f81       data     extern E:\MPASM_MPLINK_PIC18_LT_Branch_3_42\pic18-lt\cxx-framework\src\traditional\proc\p18f4550.asm
                    PORTC   0x000f82       data     extern E:\MPASM_MPLINK_PIC18_LT_Branch_3_42\pic18-lt\cxx-framework\src\traditional\proc\p18f4550.asm
                PORTCbits   0x000f82       data     extern E:\MPASM_MPLINK_PIC18_LT_Branch_3_42\pic18-lt\cxx-framework\src\traditional\proc\p18f4550.asm
                    PORTD   0x000f83       data     extern E:\MPASM_MPLINK_PIC18_LT_Branch_3_42\pic18-lt\cxx-framework\src\traditional\proc\p18f4550.asm
                PORTDbits   0x000f83       data     extern E:\MPASM_MPLINK_PIC18_LT_Branch_3_42\pic18-lt\cxx-framework\src\traditional\proc\p18f4550.asm
                    PORTE   0x000f84       data     extern E:\MPASM_MPLINK_PIC18_LT_Branch_3_42\pic18-lt\cxx-framework\src\traditional\proc\p18f4550.asm
                PORTEbits   0x000f84       data     extern E:\MPASM_MPLINK_PIC18_LT_Branch_3_42\pic18-lt\cxx-framework\src\traditional\proc\p18f4550.asm
                 POSTDEC0   0x000fed       data     extern E:\MPASM_MPLINK_PIC18_LT_Branch_3_42\pic18-lt\cxx-framework\src\traditional\proc\p18f4550.asm
                 POSTDEC1   0x000fe5       data     extern E:\MPASM_MPLINK_PIC18_LT_Branch_3_42\pic18-lt\cxx-framework\src\traditional\proc\p18f4550.asm
                 POSTDEC2   0x000fdd       data     extern E:\MPASM_MPLINK_PIC18_LT_Branch_3_42\pic18-lt\cxx-framework\src\traditional\proc\p18f4550.asm
                 POSTINC0   0x000fee       data     extern E:\MPASM_MPLINK_PIC18_LT_Branch_3_42\pic18-lt\cxx-framework\src\traditional\proc\p18f4550.asm
                 POSTINC1   0x000fe6       data     extern E:\MPASM_MPLINK_PIC18_LT_Branch_3_42\pic18-lt\cxx-framework\src\traditional\proc\p18f4550.asm
                 POSTINC2   0x000fde       data     extern E:\MPASM_MPLINK_PIC18_LT_Branch_3_42\pic18-lt\cxx-framework\src\traditional\proc\p18f4550.asm
                      PR2   0x000fcb       data     extern E:\MPASM_MPLINK_PIC18_LT_Branch_3_42\pic18-lt\cxx-framework\src\traditional\proc\p18f4550.asm
                  PREINC0   0x000fec       data     extern E:\MPASM_MPLINK_PIC18_LT_Branch_3_42\pic18-lt\cxx-framework\src\traditional\proc\p18f4550.asm
                  PREINC1   0x000fe4       data     extern E:\MPASM_MPLINK_PIC18_LT_Branch_3_42\pic18-lt\cxx-framework\src\traditional\proc\p18f4550.asm
                  PREINC2   0x000fdc       data     extern E:\MPASM_MPLINK_PIC18_LT_Branch_3_42\pic18-lt\cxx-framework\src\traditional\proc\p18f4550.asm
                     PROD   0x000ff3       data     extern E:\MPASM_MPLINK_PIC18_LT_Branch_3_42\pic18-lt\cxx-framework\src\traditional\proc\p18f4550.asm
                    PRODH   0x000ff4       data     extern E:\MPASM_MPLINK_PIC18_LT_Branch_3_42\pic18-lt\cxx-framework\src\traditional\proc\p18f4550.asm
                    PRODL   0x000ff3       data     extern E:\MPASM_MPLINK_PIC18_LT_Branch_3_42\pic18-lt\cxx-framework\src\traditional\proc\p18f4550.asm
                     RCON   0x000fd0       data     extern E:\MPASM_MPLINK_PIC18_LT_Branch_3_42\pic18-lt\cxx-framework\src\traditional\proc\p18f4550.asm
                 RCONbits   0x000fd0       data     extern E:\MPASM_MPLINK_PIC18_LT_Branch_3_42\pic18-lt\cxx-framework\src\traditional\proc\p18f4550.asm
                    RCREG   0x000fae       data     extern E:\MPASM_MPLINK_PIC18_LT_Branch_3_42\pic18-lt\cxx-framework\src\traditional\proc\p18f4550.asm
                    RCSTA   0x000fab       data     extern E:\MPASM_MPLINK_PIC18_LT_Branch_3_42\pic18-lt\cxx-framework\src\traditional\proc\p18f4550.asm
                RCSTAbits   0x000fab       data     extern E:\MPASM_MPLINK_PIC18_LT_Branch_3_42\pic18-lt\cxx-framework\src\traditional\proc\p18f4550.asm
                     SIGN   0x000000       data     extern E:\MPASM_MPLINK_PIC18_LT_Branch_3_42\pic18-lt\cxx-framework\src\traditional\math\cmath18.asm
                    SPBRG   0x000faf       data     extern E:\MPASM_MPLINK_PIC18_LT_Branch_3_42\pic18-lt\cxx-framework\src\traditional\proc\p18f4550.asm
                   SPBRGH   0x000fb0       data     extern E:\MPASM_MPLINK_PIC18_LT_Branch_3_42\pic18-lt\cxx-framework\src\traditional\proc\p18f4550.asm
                   SPPCFG   0x000f63       data     extern E:\MPASM_MPLINK_PIC18_LT_Branch_3_42\pic18-lt\cxx-framework\src\traditional\proc\p18f4550.asm
               SPPCFGbits   0x000f63       data     extern E:\MPASM_MPLINK_PIC18_LT_Branch_3_42\pic18-lt\cxx-framework\src\traditional\proc\p18f4550.asm
                   SPPCON   0x000f65       data     extern E:\MPASM_MPLINK_PIC18_LT_Branch_3_42\pic18-lt\cxx-framework\src\traditional\proc\p18f4550.asm
               SPPCONbits   0x000f65       data     extern E:\MPASM_MPLINK_PIC18_LT_Branch_3_42\pic18-lt\cxx-framework\src\traditional\proc\p18f4550.asm
                  SPPDATA   0x000f62       data     extern E:\MPASM_MPLINK_PIC18_LT_Branch_3_42\pic18-lt\cxx-framework\src\traditional\proc\p18f4550.asm
                   SPPEPS   0x000f64       data     extern E:\MPASM_MPLINK_PIC18_LT_Branch_3_42\pic18-lt\cxx-framework\src\traditional\proc\p18f4550.asm
               SPPEPSbits   0x000f64       data     extern E:\MPASM_MPLINK_PIC18_LT_Branch_3_42\pic18-lt\cxx-framework\src\traditional\proc\p18f4550.asm
                   SSPADD   0x000fc8       data     extern E:\MPASM_MPLINK_PIC18_LT_Branch_3_42\pic18-lt\cxx-framework\src\traditional\proc\p18f4550.asm
                   SSPBUF   0x000fc9       data     extern E:\MPASM_MPLINK_PIC18_LT_Branch_3_42\pic18-lt\cxx-framework\src\traditional\proc\p18f4550.asm
                  SSPCON1   0x000fc6       data     extern E:\MPASM_MPLINK_PIC18_LT_Branch_3_42\pic18-lt\cxx-framework\src\traditional\proc\p18f4550.asm
              SSPCON1bits   0x000fc6       data     extern E:\MPASM_MPLINK_PIC18_LT_Branch_3_42\pic18-lt\cxx-framework\src\traditional\proc\p18f4550.asm
                  SSPCON2   0x000fc5       data     extern E:\MPASM_MPLINK_PIC18_LT_Branch_3_42\pic18-lt\cxx-framework\src\traditional\proc\p18f4550.asm
              SSPCON2bits   0x000fc5       data     extern E:\MPASM_MPLINK_PIC18_LT_Branch_3_42\pic18-lt\cxx-framework\src\traditional\proc\p18f4550.asm
                  SSPSTAT   0x000fc7       data     extern E:\MPASM_MPLINK_PIC18_LT_Branch_3_42\pic18-lt\cxx-framework\src\traditional\proc\p18f4550.asm
              SSPSTATbits   0x000fc7       data     extern E:\MPASM_MPLINK_PIC18_LT_Branch_3_42\pic18-lt\cxx-framework\src\traditional\proc\p18f4550.asm
                   STATUS   0x000fd8       data     extern E:\MPASM_MPLINK_PIC18_LT_Branch_3_42\pic18-lt\cxx-framework\src\traditional\proc\p18f4550.asm
               STATUSbits   0x000fd8       data     extern E:\MPASM_MPLINK_PIC18_LT_Branch_3_42\pic18-lt\cxx-framework\src\traditional\proc\p18f4550.asm
                   STKPTR   0x000ffc       data     extern E:\MPASM_MPLINK_PIC18_LT_Branch_3_42\pic18-lt\cxx-framework\src\traditional\proc\p18f4550.asm
               STKPTRbits   0x000ffc       data     extern E:\MPASM_MPLINK_PIC18_LT_Branch_3_42\pic18-lt\cxx-framework\src\traditional\proc\p18f4550.asm
                    T0CON   0x000fd5       data     extern E:\MPASM_MPLINK_PIC18_LT_Branch_3_42\pic18-lt\cxx-framework\src\traditional\proc\p18f4550.asm
                T0CONbits   0x000fd5       data     extern E:\MPASM_MPLINK_PIC18_LT_Branch_3_42\pic18-lt\cxx-framework\src\traditional\proc\p18f4550.asm
                    T1CON   0x000fcd       data     extern E:\MPASM_MPLINK_PIC18_LT_Branch_3_42\pic18-lt\cxx-framework\src\traditional\proc\p18f4550.asm
                T1CONbits   0x000fcd       data     extern E:\MPASM_MPLINK_PIC18_LT_Branch_3_42\pic18-lt\cxx-framework\src\traditional\proc\p18f4550.asm
                    T2CON   0x000fca       data     extern E:\MPASM_MPLINK_PIC18_LT_Branch_3_42\pic18-lt\cxx-framework\src\traditional\proc\p18f4550.asm
                T2CONbits   0x000fca       data     extern E:\MPASM_MPLINK_PIC18_LT_Branch_3_42\pic18-lt\cxx-framework\src\traditional\proc\p18f4550.asm
                    T3CON   0x000fb1       data     extern E:\MPASM_MPLINK_PIC18_LT_Branch_3_42\pic18-lt\cxx-framework\src\traditional\proc\p18f4550.asm
                T3CONbits   0x000fb1       data     extern E:\MPASM_MPLINK_PIC18_LT_Branch_3_42\pic18-lt\cxx-framework\src\traditional\proc\p18f4550.asm
                   TABLAT   0x000ff5       data     extern E:\MPASM_MPLINK_PIC18_LT_Branch_3_42\pic18-lt\cxx-framework\src\traditional\proc\p18f4550.asm
                   TBLPTR   0x000ff6       data     extern E:\MPASM_MPLINK_PIC18_LT_Branch_3_42\pic18-lt\cxx-framework\src\traditional\proc\p18f4550.asm
                  TBLPTRH   0x000ff7       data     extern E:\MPASM_MPLINK_PIC18_LT_Branch_3_42\pic18-lt\cxx-framework\src\traditional\proc\p18f4550.asm
                  TBLPTRL   0x000ff6       data     extern E:\MPASM_MPLINK_PIC18_LT_Branch_3_42\pic18-lt\cxx-framework\src\traditional\proc\p18f4550.asm
                  TBLPTRU   0x000ff8       data     extern E:\MPASM_MPLINK_PIC18_LT_Branch_3_42\pic18-lt\cxx-framework\src\traditional\proc\p18f4550.asm
                    TMR0H   0x000fd7       data     extern E:\MPASM_MPLINK_PIC18_LT_Branch_3_42\pic18-lt\cxx-framework\src\traditional\proc\p18f4550.asm
                    TMR0L   0x000fd6       data     extern E:\MPASM_MPLINK_PIC18_LT_Branch_3_42\pic18-lt\cxx-framework\src\traditional\proc\p18f4550.asm
                    TMR1H   0x000fcf       data     extern E:\MPASM_MPLINK_PIC18_LT_Branch_3_42\pic18-lt\cxx-framework\src\traditional\proc\p18f4550.asm
                    TMR1L   0x000fce       data     extern E:\MPASM_MPLINK_PIC18_LT_Branch_3_42\pic18-lt\cxx-framework\src\traditional\proc\p18f4550.asm
                     TMR2   0x000fcc       data     extern E:\MPASM_MPLINK_PIC18_LT_Branch_3_42\pic18-lt\cxx-framework\src\traditional\proc\p18f4550.asm
                    TMR3H   0x000fb3       data     extern E:\MPASM_MPLINK_PIC18_LT_Branch_3_42\pic18-lt\cxx-framework\src\traditional\proc\p18f4550.asm
                    TMR3L   0x000fb2       data     extern E:\MPASM_MPLINK_PIC18_LT_Branch_3_42\pic18-lt\cxx-framework\src\traditional\proc\p18f4550.asm
                      TOS   0x000ffd       data     extern E:\MPASM_MPLINK_PIC18_LT_Branch_3_42\pic18-lt\cxx-framework\src\traditional\proc\p18f4550.asm
                     TOSH   0x000ffe       data     extern E:\MPASM_MPLINK_PIC18_LT_Branch_3_42\pic18-lt\cxx-framework\src\traditional\proc\p18f4550.asm
                     TOSL   0x000ffd       data     extern E:\MPASM_MPLINK_PIC18_LT_Branch_3_42\pic18-lt\cxx-framework\src\traditional\proc\p18f4550.asm
                     TOSU   0x000fff       data     extern E:\MPASM_MPLINK_PIC18_LT_Branch_3_42\pic18-lt\cxx-framework\src\traditional\proc\p18f4550.asm
                    TRISA   0x000f92       data     extern E:\MPASM_MPLINK_PIC18_LT_Branch_3_42\pic18-lt\cxx-framework\src\traditional\proc\p18f4550.asm
                TRISAbits   0x000f92       data     extern E:\MPASM_MPLINK_PIC18_LT_Branch_3_42\pic18-lt\cxx-framework\src\traditional\proc\p18f4550.asm
                    TRISB   0x000f93       data     extern E:\MPASM_MPLINK_PIC18_LT_Branch_3_42\pic18-lt\cxx-framework\src\traditional\proc\p18f4550.asm
                TRISBbits   0x000f93       data     extern E:\MPASM_MPLINK_PIC18_LT_Branch_3_42\pic18-lt\cxx-framework\src\traditional\proc\p18f4550.asm
                    TRISC   0x000f94       data     extern E:\MPASM_MPLINK_PIC18_LT_Branch_3_42\pic18-lt\cxx-framework\src\traditional\proc\p18f4550.asm
                TRISCbits   0x000f94       data     extern E:\MPASM_MPLINK_PIC18_LT_Branch_3_42\pic18-lt\cxx-framework\src\traditional\proc\p18f4550.asm
                    TRISD   0x000f95       data     extern E:\MPASM_MPLINK_PIC18_LT_Branch_3_42\pic18-lt\cxx-framework\src\traditional\proc\p18f4550.asm
                TRISDbits   0x000f95       data     extern E:\MPASM_MPLINK_PIC18_LT_Branch_3_42\pic18-lt\cxx-framework\src\traditional\proc\p18f4550.asm
                    TRISE   0x000f96       data     extern E:\MPASM_MPLINK_PIC18_LT_Branch_3_42\pic18-lt\cxx-framework\src\traditional\proc\p18f4550.asm
                TRISEbits   0x000f96       data     extern E:\MPASM_MPLINK_PIC18_LT_Branch_3_42\pic18-lt\cxx-framework\src\traditional\proc\p18f4550.asm
                    TXREG   0x000fad       data     extern E:\MPASM_MPLINK_PIC18_LT_Branch_3_42\pic18-lt\cxx-framework\src\traditional\proc\p18f4550.asm
                    TXSTA   0x000fac       data     extern E:\MPASM_MPLINK_PIC18_LT_Branch_3_42\pic18-lt\cxx-framework\src\traditional\proc\p18f4550.asm
                TXSTAbits   0x000fac       data     extern E:\MPASM_MPLINK_PIC18_LT_Branch_3_42\pic18-lt\cxx-framework\src\traditional\proc\p18f4550.asm
                    UADDR   0x000f6e       data     extern E:\MPASM_MPLINK_PIC18_LT_Branch_3_42\pic18-lt\cxx-framework\src\traditional\proc\p18f4550.asm
                UADDRbits   0x000f6e       data     extern E:\MPASM_MPLINK_PIC18_LT_Branch_3_42\pic18-lt\cxx-framework\src\traditional\proc\p18f4550.asm
                     UCFG   0x000f6f       data     extern E:\MPASM_MPLINK_PIC18_LT_Branch_3_42\pic18-lt\cxx-framework\src\traditional\proc\p18f4550.asm
                 UCFGbits   0x000f6f       data     extern E:\MPASM_MPLINK_PIC18_LT_Branch_3_42\pic18-lt\cxx-framework\src\traditional\proc\p18f4550.asm
                     UCON   0x000f6d       data     extern E:\MPASM_MPLINK_PIC18_LT_Branch_3_42\pic18-lt\cxx-framework\src\traditional\proc\p18f4550.asm
                 UCONbits   0x000f6d       data     extern E:\MPASM_MPLINK_PIC18_LT_Branch_3_42\pic18-lt\cxx-framework\src\traditional\proc\p18f4550.asm
                     UEIE   0x000f6b       data     extern E:\MPASM_MPLINK_PIC18_LT_Branch_3_42\pic18-lt\cxx-framework\src\traditional\proc\p18f4550.asm
                 UEIEbits   0x000f6b       data     extern E:\MPASM_MPLINK_PIC18_LT_Branch_3_42\pic18-lt\cxx-framework\src\traditional\proc\p18f4550.asm
                     UEIR   0x000f6a       data     extern E:\MPASM_MPLINK_PIC18_LT_Branch_3_42\pic18-lt\cxx-framework\src\traditional\proc\p18f4550.asm
                 UEIRbits   0x000f6a       data     extern E:\MPASM_MPLINK_PIC18_LT_Branch_3_42\pic18-lt\cxx-framework\src\traditional\proc\p18f4550.asm
                     UEP0   0x000f70       data     extern E:\MPASM_MPLINK_PIC18_LT_Branch_3_42\pic18-lt\cxx-framework\src\traditional\proc\p18f4550.asm
                 UEP0bits   0x000f70       data     extern E:\MPASM_MPLINK_PIC18_LT_Branch_3_42\pic18-lt\cxx-framework\src\traditional\proc\p18f4550.asm
                     UEP1   0x000f71       data     extern E:\MPASM_MPLINK_PIC18_LT_Branch_3_42\pic18-lt\cxx-framework\src\traditional\proc\p18f4550.asm
                    UEP10   0x000f7a       data     extern E:\MPASM_MPLINK_PIC18_LT_Branch_3_42\pic18-lt\cxx-framework\src\traditional\proc\p18f4550.asm
                UEP10bits   0x000f7a       data     extern E:\MPASM_MPLINK_PIC18_LT_Branch_3_42\pic18-lt\cxx-framework\src\traditional\proc\p18f4550.asm
                    UEP11   0x000f7b       data     extern E:\MPASM_MPLINK_PIC18_LT_Branch_3_42\pic18-lt\cxx-framework\src\traditional\proc\p18f4550.asm
                UEP11bits   0x000f7b       data     extern E:\MPASM_MPLINK_PIC18_LT_Branch_3_42\pic18-lt\cxx-framework\src\traditional\proc\p18f4550.asm
                    UEP12   0x000f7c       data     extern E:\MPASM_MPLINK_PIC18_LT_Branch_3_42\pic18-lt\cxx-framework\src\traditional\proc\p18f4550.asm
                UEP12bits   0x000f7c       data     extern E:\MPASM_MPLINK_PIC18_LT_Branch_3_42\pic18-lt\cxx-framework\src\traditional\proc\p18f4550.asm
                    UEP13   0x000f7d       data     extern E:\MPASM_MPLINK_PIC18_LT_Branch_3_42\pic18-lt\cxx-framework\src\traditional\proc\p18f4550.asm
                UEP13bits   0x000f7d       data     extern E:\MPASM_MPLINK_PIC18_LT_Branch_3_42\pic18-lt\cxx-framework\src\traditional\proc\p18f4550.asm
                    UEP14   0x000f7e       data     extern E:\MPASM_MPLINK_PIC18_LT_Branch_3_42\pic18-lt\cxx-framework\src\traditional\proc\p18f4550.asm
                UEP14bits   0x000f7e       data     extern E:\MPASM_MPLINK_PIC18_LT_Branch_3_42\pic18-lt\cxx-framework\src\traditional\proc\p18f4550.asm
                    UEP15   0x000f7f       data     extern E:\MPASM_MPLINK_PIC18_LT_Branch_3_42\pic18-lt\cxx-framework\src\traditional\proc\p18f4550.asm
                UEP15bits   0x000f7f       data     extern E:\MPASM_MPLINK_PIC18_LT_Branch_3_42\pic18-lt\cxx-framework\src\traditional\proc\p18f4550.asm
                 UEP1bits   0x000f71       data     extern E:\MPASM_MPLINK_PIC18_LT_Branch_3_42\pic18-lt\cxx-framework\src\traditional\proc\p18f4550.asm
                     UEP2   0x000f72       data     extern E:\MPASM_MPLINK_PIC18_LT_Branch_3_42\pic18-lt\cxx-framework\src\traditional\proc\p18f4550.asm
                 UEP2bits   0x000f72       data     extern E:\MPASM_MPLINK_PIC18_LT_Branch_3_42\pic18-lt\cxx-framework\src\traditional\proc\p18f4550.asm
                     UEP3   0x000f73       data     extern E:\MPASM_MPLINK_PIC18_LT_Branch_3_42\pic18-lt\cxx-framework\src\traditional\proc\p18f4550.asm
                 UEP3bits   0x000f73       data     extern E:\MPASM_MPLINK_PIC18_LT_Branch_3_42\pic18-lt\cxx-framework\src\traditional\proc\p18f4550.asm
                     UEP4   0x000f74       data     extern E:\MPASM_MPLINK_PIC18_LT_Branch_3_42\pic18-lt\cxx-framework\src\traditional\proc\p18f4550.asm
                 UEP4bits   0x000f74       data     extern E:\MPASM_MPLINK_PIC18_LT_Branch_3_42\pic18-lt\cxx-framework\src\traditional\proc\p18f4550.asm
                     UEP5   0x000f75       data     extern E:\MPASM_MPLINK_PIC18_LT_Branch_3_42\pic18-lt\cxx-framework\src\traditional\proc\p18f4550.asm
                 UEP5bits   0x000f75       data     extern E:\MPASM_MPLINK_PIC18_LT_Branch_3_42\pic18-lt\cxx-framework\src\traditional\proc\p18f4550.asm
                     UEP6   0x000f76       data     extern E:\MPASM_MPLINK_PIC18_LT_Branch_3_42\pic18-lt\cxx-framework\src\traditional\proc\p18f4550.asm
                 UEP6bits   0x000f76       data     extern E:\MPASM_MPLINK_PIC18_LT_Branch_3_42\pic18-lt\cxx-framework\src\traditional\proc\p18f4550.asm
                     UEP7   0x000f77       data     extern E:\MPASM_MPLINK_PIC18_LT_Branch_3_42\pic18-lt\cxx-framework\src\traditional\proc\p18f4550.asm
                 UEP7bits   0x000f77       data     extern E:\MPASM_MPLINK_PIC18_LT_Branch_3_42\pic18-lt\cxx-framework\src\traditional\proc\p18f4550.asm
                     UEP8   0x000f78       data     extern E:\MPASM_MPLINK_PIC18_LT_Branch_3_42\pic18-lt\cxx-framework\src\traditional\proc\p18f4550.asm
                 UEP8bits   0x000f78       data     extern E:\MPASM_MPLINK_PIC18_LT_Branch_3_42\pic18-lt\cxx-framework\src\traditional\proc\p18f4550.asm
                     UEP9   0x000f79       data     extern E:\MPASM_MPLINK_PIC18_LT_Branch_3_42\pic18-lt\cxx-framework\src\traditional\proc\p18f4550.asm
                 UEP9bits   0x000f79       data     extern E:\MPASM_MPLINK_PIC18_LT_Branch_3_42\pic18-lt\cxx-framework\src\traditional\proc\p18f4550.asm
                     UFRM   0x000f66       data     extern E:\MPASM_MPLINK_PIC18_LT_Branch_3_42\pic18-lt\cxx-framework\src\traditional\proc\p18f4550.asm
                    UFRMH   0x000f67       data     extern E:\MPASM_MPLINK_PIC18_LT_Branch_3_42\pic18-lt\cxx-framework\src\traditional\proc\p18f4550.asm
                UFRMHbits   0x000f67       data     extern E:\MPASM_MPLINK_PIC18_LT_Branch_3_42\pic18-lt\cxx-framework\src\traditional\proc\p18f4550.asm
                    UFRML   0x000f66       data     extern E:\MPASM_MPLINK_PIC18_LT_Branch_3_42\pic18-lt\cxx-framework\src\traditional\proc\p18f4550.asm
                UFRMLbits   0x000f66       data     extern E:\MPASM_MPLINK_PIC18_LT_Branch_3_42\pic18-lt\cxx-framework\src\traditional\proc\p18f4550.asm
                      UIE   0x000f69       data     extern E:\MPASM_MPLINK_PIC18_LT_Branch_3_42\pic18-lt\cxx-framework\src\traditional\proc\p18f4550.asm
                  UIEbits   0x000f69       data     extern E:\MPASM_MPLINK_PIC18_LT_Branch_3_42\pic18-lt\cxx-framework\src\traditional\proc\p18f4550.asm
                      UIR   0x000f68       data     extern E:\MPASM_MPLINK_PIC18_LT_Branch_3_42\pic18-lt\cxx-framework\src\traditional\proc\p18f4550.asm
                  UIRbits   0x000f68       data     extern E:\MPASM_MPLINK_PIC18_LT_Branch_3_42\pic18-lt\cxx-framework\src\traditional\proc\p18f4550.asm
                    USTAT   0x000f6c       data     extern E:\MPASM_MPLINK_PIC18_LT_Branch_3_42\pic18-lt\cxx-framework\src\traditional\proc\p18f4550.asm
                USTATbits   0x000f6c       data     extern E:\MPASM_MPLINK_PIC18_LT_Branch_3_42\pic18-lt\cxx-framework\src\traditional\proc\p18f4550.asm
                   WDTCON   0x000fd1       data     extern E:\MPASM_MPLINK_PIC18_LT_Branch_3_42\pic18-lt\cxx-framework\src\traditional\proc\p18f4550.asm
               WDTCONbits   0x000fd1       data     extern E:\MPASM_MPLINK_PIC18_LT_Branch_3_42\pic18-lt\cxx-framework\src\traditional\proc\p18f4550.asm
                     WREG   0x000fe8       data     extern E:\MPASM_MPLINK_PIC18_LT_Branch_3_42\pic18-lt\cxx-framework\src\traditional\proc\p18f4550.asm
                __FPFLAGS   0x000001       data     extern E:\MPASM_MPLINK_PIC18_LT_Branch_3_42\pic18-lt\cxx-framework\src\traditional\math\cmath18.asm
            __FPFLAGSbits   0x000001       data     extern E:\MPASM_MPLINK_PIC18_LT_Branch_3_42\pic18-lt\cxx-framework\src\traditional\math\cmath18.asm
                  __tmp_0   0x000002       data     static C:\PIC programs\USBDemoBoard_Firmware_4_6_1\USBFunctions.c
                curr_byte   0x000072       data     static E:\MPASM_MPLINK_PIC18_LT_Branch_3_42\pic18-lt\cxx-framework\src\traditional\startup\c018i.c
               curr_entry   0x000074       data     static E:\MPASM_MPLINK_PIC18_LT_Branch_3_42\pic18-lt\cxx-framework\src\traditional\startup\c018i.c
                 data_ptr   0x000076       data     static E:\MPASM_MPLINK_PIC18_LT_Branch_3_42\pic18-lt\cxx-framework\src\traditional\startup\c018i.c
 g_USBActiveConfiguration   0x00006d       data     extern C:\PIC programs\USBDemoBoard_Firmware_4_6_1\USBFunctions.c
         g_USBDeviceState   0x000079       data     extern C:\PIC programs\USBDemoBoard_Firmware_4_6_1\USBFunctions.c
          g_buffDescTable   0x000400       data     extern C:\PIC programs\USBDemoBoard_Firmware_4_6_1\USBFunctions.c
   g_controlTransferState   0x00006c       data     extern C:\PIC programs\USBDemoBoard_Firmware_4_6_1\USBFunctions.c
            g_ctrlTrfData   0x000418       data     extern C:\PIC programs\USBDemoBoard_Firmware_4_6_1\USBFunctions.c
        g_ctrlTrfSetupPkt   0x000410       data     extern C:\PIC programs\USBDemoBoard_Firmware_4_6_1\USBFunctions.c
 g_fromDeviceToHostBuffer   0x000461       data     extern C:\PIC programs\USBDemoBoard_Firmware_4_6_1\USBFunctions.c
 g_fromHostToDeviceBuffer   0x000420       data     extern C:\PIC programs\USBDemoBoard_Firmware_4_6_1\USBFunctions.c
                 g_inPipe   0x000065       data     extern C:\PIC programs\USBDemoBoard_Firmware_4_6_1\USBFunctions.c
                g_outPipe   0x000060       data     extern C:\PIC programs\USBDemoBoard_Firmware_4_6_1\USBFunctions.c
      g_shortPacketStatus   0x00006e       data     extern C:\PIC programs\USBDemoBoard_Firmware_4_6_1\USBFunctions.c
                     prom   0x00006f       data     static E:\MPASM_MPLINK_PIC18_LT_Branch_3_42\pic18-lt\cxx-framework\src\traditional\startup\c018i.c



                              Symbols - Sorted by Address
                     Name    Address   Location    Storage File                     
                ---------  ---------  ---------  --------- ---------                
                   _entry   0x000000    program     extern E:\MPASM_MPLINK_PIC18_LT_Branch_3_42\pic18-lt\cxx-framework\src\traditional\startup\c018i.c
       ___return_lbl00000   0x000004    program     static                          
                  highISR   0x000008    program     extern C:\PIC programs\USBDemoBoard_Firmware_4_6_1\USBDemoBoard.c
       ___return_lbl00000   0x00000c    program     static                          
                   lowISR   0x000018    program     extern C:\PIC programs\USBDemoBoard_Firmware_4_6_1\USBDemoBoard.c
       ___return_lbl00003   0x00001c    program     static                          
                   _reset   0x001000    program     extern C:\PIC programs\USBDemoBoard_Firmware_4_6_1\USBDemoBoard.c
       ___return_lbl00006   0x001004    program     static                          
          remappedHighISR   0x001008    program     extern C:\PIC programs\USBDemoBoard_Firmware_4_6_1\USBDemoBoard.c
       ___return_lbl00001   0x00100c    program     static                          
           remappedLowISR   0x001018    program     extern C:\PIC programs\USBDemoBoard_Firmware_4_6_1\USBDemoBoard.c
       ___return_lbl00004   0x00101c    program     static                          
                  USBInit   0x001038    program     extern C:\PIC programs\USBDemoBoard_Firmware_4_6_1\USBFunctions.c
                 USBTasks   0x001120    program     extern C:\PIC programs\USBDemoBoard_Firmware_4_6_1\USBFunctions.c
       USBWakeFromSuspend   0x001226    program     extern C:\PIC programs\USBDemoBoard_Firmware_4_6_1\USBFunctions.c
               USBSuspend   0x001234    program     extern C:\PIC programs\USBDemoBoard_Firmware_4_6_1\USBFunctions.c
          USBStallHandler   0x00123c    program     extern C:\PIC programs\USBDemoBoard_Firmware_4_6_1\USBFunctions.c
    USBEP0ControlTransfer   0x001264    program     extern C:\PIC programs\USBDemoBoard_Firmware_4_6_1\USBFunctions.c
  USBSetupControlTransfer   0x001284    program     extern C:\PIC programs\USBDemoBoard_Firmware_4_6_1\USBFunctions.c
  USBCheckStandardRequest   0x00129c    program     extern C:\PIC programs\USBDemoBoard_Firmware_4_6_1\USBFunctions.c
       USBCheckHIDRequest   0x0013c8    program     extern C:\PIC programs\USBDemoBoard_Firmware_4_6_1\USBFunctions.c
USBFinishControlTransferStuff   0x001428    program     extern C:\PIC programs\USBDemoBoard_Firmware_4_6_1\USBFunctions.c
    USBOutControlTransfer   0x001502    program     extern C:\PIC programs\USBDemoBoard_Firmware_4_6_1\USBFunctions.c
     USBInControlTransfer   0x001512    program     extern C:\PIC programs\USBDemoBoard_Firmware_4_6_1\USBFunctions.c
USBControlTransferReceive   0x0015aa    program     extern C:\PIC programs\USBDemoBoard_Firmware_4_6_1\USBFunctions.c
USBControlTransferTransmit   0x001686    program     extern C:\PIC programs\USBDemoBoard_Firmware_4_6_1\USBFunctions.c
USBPrepareForNextSetupTransfer   0x00175c    program     extern C:\PIC programs\USBDemoBoard_Firmware_4_6_1\USBFunctions.c
            receiveViaUSB   0x00181e    program     extern C:\PIC programs\USBDemoBoard_Firmware_4_6_1\USBFunctions.c
               sendViaUSB   0x00183e    program     extern C:\PIC programs\USBDemoBoard_Firmware_4_6_1\USBFunctions.c
transferFromHostToDeviceViaEP1   0x00185e    program     extern C:\PIC programs\USBDemoBoard_Firmware_4_6_1\USBFunctions.c
transferFromDeviceToHostViaEP1   0x001892    program     extern C:\PIC programs\USBDemoBoard_Firmware_4_6_1\USBFunctions.c
  yourHighPriorityISRCode   0x0018c6    program     extern C:\PIC programs\USBDemoBoard_Firmware_4_6_1\USBDemoBoard.c
   yourLowPriorityISRCode   0x0018d8    program     extern C:\PIC programs\USBDemoBoard_Firmware_4_6_1\USBDemoBoard.c
                     main   0x0018fe    program     extern C:\PIC programs\USBDemoBoard_Firmware_4_6_1\USBDemoBoard.c
                 yourInit   0x00190e    program     extern C:\PIC programs\USBDemoBoard_Firmware_4_6_1\USBDemoBoard.c
                yourTasks   0x001928    program     extern C:\PIC programs\USBDemoBoard_Firmware_4_6_1\USBDemoBoard.c
   g_userDeviceDescriptor   0x001998    program     extern C:\PIC programs\USBDemoBoard_Firmware_4_6_1\USBFunctions.c
      g_configDescriptor1   0x0019aa    program     extern C:\PIC programs\USBDemoBoard_Firmware_4_6_1\USBFunctions.c
      g_stringDescript000   0x0019d3    program     extern C:\PIC programs\USBDemoBoard_Firmware_4_6_1\USBFunctions.c
      g_stringDescript001   0x0019d7    program     extern C:\PIC programs\USBDemoBoard_Firmware_4_6_1\USBFunctions.c
      g_stringDescript002   0x001a0b    program     extern C:\PIC programs\USBDemoBoard_Firmware_4_6_1\USBFunctions.c
            g_HIDReport01   0x001a39    program     extern C:\PIC programs\USBDemoBoard_Firmware_4_6_1\USBFunctions.c
g_userConfigDescriptorPtr   0x001a56    program     extern C:\PIC programs\USBDemoBoard_Firmware_4_6_1\USBFunctions.c
       g_USBStringDescPtr   0x001a58    program     extern C:\PIC programs\USBDemoBoard_Firmware_4_6_1\USBFunctions.c
                _do_cinit   0x001a5e    program     extern E:\MPASM_MPLINK_PIC18_LT_Branch_3_42\pic18-lt\cxx-framework\src\traditional\startup\c018i.c
                     test   0x001a78    program     static                          
                copy_loop   0x001ad0    program     static                          
            copy_one_byte   0x001ad6    program     static                          
             done_copying   0x001ae4    program     static                          
                     done   0x001afa    program     static                          
       ___return_lbl00002   0x001afa    program     static                          
            __zero_memory   0x001afc    program     extern E:\MPASM_MPLINK_PIC18_LT_Branch_3_42\pic18-lt\cxx-framework\src\traditional\proc\p18f4550.asm
               zero_block   0x001b0a    program     static E:\MPASM_MPLINK_PIC18_LT_Branch_3_42\pic18-lt\cxx-framework\src\traditional\proc\p18f4550.asm
                   loop_h   0x001b0a    program     static E:\MPASM_MPLINK_PIC18_LT_Branch_3_42\pic18-lt\cxx-framework\src\traditional\proc\p18f4550.asm
                compare_l   0x001b12    program     static E:\MPASM_MPLINK_PIC18_LT_Branch_3_42\pic18-lt\cxx-framework\src\traditional\proc\p18f4550.asm
                   loop_l   0x001b14    program     static E:\MPASM_MPLINK_PIC18_LT_Branch_3_42\pic18-lt\cxx-framework\src\traditional\proc\p18f4550.asm
                 _startup   0x001b1c    program     extern E:\MPASM_MPLINK_PIC18_LT_Branch_3_42\pic18-lt\cxx-framework\src\traditional\startup\c018i.c
                     loop   0x001b2c    program     static                          
       ___return_lbl00001   0x001b36    program     static                          
                   __init   0x001b38    program     extern E:\MPASM_MPLINK_PIC18_LT_Branch_3_42\pic18-lt\cxx-framework\src\traditional\stdclib\__init.c
               __config_0   0x300000    program     static C:\PIC programs\USBDemoBoard_Firmware_4_6_1\USBDemoBoard.c
               __config_1   0x300001    program     static C:\PIC programs\USBDemoBoard_Firmware_4_6_1\USBDemoBoard.c
               __config_2   0x300002    program     static C:\PIC programs\USBDemoBoard_Firmware_4_6_1\USBDemoBoard.c
               __config_3   0x300003    program     static C:\PIC programs\USBDemoBoard_Firmware_4_6_1\USBDemoBoard.c
               __config_4   0x300005    program     static C:\PIC programs\USBDemoBoard_Firmware_4_6_1\USBDemoBoard.c
               __config_5   0x300006    program     static C:\PIC programs\USBDemoBoard_Firmware_4_6_1\USBDemoBoard.c
               __config_6   0x300008    program     static C:\PIC programs\USBDemoBoard_Firmware_4_6_1\USBDemoBoard.c
               __config_7   0x300009    program     static C:\PIC programs\USBDemoBoard_Firmware_4_6_1\USBDemoBoard.c
               __config_8   0x30000a    program     static C:\PIC programs\USBDemoBoard_Firmware_4_6_1\USBDemoBoard.c
               __config_9   0x30000b    program     static C:\PIC programs\USBDemoBoard_Firmware_4_6_1\USBDemoBoard.c
              __config_10   0x30000c    program     static C:\PIC programs\USBDemoBoard_Firmware_4_6_1\USBDemoBoard.c
              __config_11   0x30000d    program     static C:\PIC programs\USBDemoBoard_Firmware_4_6_1\USBDemoBoard.c
                     SIGN   0x000000       data     extern E:\MPASM_MPLINK_PIC18_LT_Branch_3_42\pic18-lt\cxx-framework\src\traditional\math\cmath18.asm
                __FPFLAGS   0x000001       data     extern E:\MPASM_MPLINK_PIC18_LT_Branch_3_42\pic18-lt\cxx-framework\src\traditional\math\cmath18.asm
            __FPFLAGSbits   0x000001       data     extern E:\MPASM_MPLINK_PIC18_LT_Branch_3_42\pic18-lt\cxx-framework\src\traditional\math\cmath18.asm
                  __tmp_0   0x000002       data     static C:\PIC programs\USBDemoBoard_Firmware_4_6_1\USBFunctions.c
                g_outPipe   0x000060       data     extern C:\PIC programs\USBDemoBoard_Firmware_4_6_1\USBFunctions.c
                 g_inPipe   0x000065       data     extern C:\PIC programs\USBDemoBoard_Firmware_4_6_1\USBFunctions.c
   g_controlTransferState   0x00006c       data     extern C:\PIC programs\USBDemoBoard_Firmware_4_6_1\USBFunctions.c
 g_USBActiveConfiguration   0x00006d       data     extern C:\PIC programs\USBDemoBoard_Firmware_4_6_1\USBFunctions.c
      g_shortPacketStatus   0x00006e       data     extern C:\PIC programs\USBDemoBoard_Firmware_4_6_1\USBFunctions.c
                     prom   0x00006f       data     static E:\MPASM_MPLINK_PIC18_LT_Branch_3_42\pic18-lt\cxx-framework\src\traditional\startup\c018i.c
                curr_byte   0x000072       data     static E:\MPASM_MPLINK_PIC18_LT_Branch_3_42\pic18-lt\cxx-framework\src\traditional\startup\c018i.c
               curr_entry   0x000074       data     static E:\MPASM_MPLINK_PIC18_LT_Branch_3_42\pic18-lt\cxx-framework\src\traditional\startup\c018i.c
                 data_ptr   0x000076       data     static E:\MPASM_MPLINK_PIC18_LT_Branch_3_42\pic18-lt\cxx-framework\src\traditional\startup\c018i.c
         g_USBDeviceState   0x000079       data     extern C:\PIC programs\USBDemoBoard_Firmware_4_6_1\USBFunctions.c
          g_buffDescTable   0x000400       data     extern C:\PIC programs\USBDemoBoard_Firmware_4_6_1\USBFunctions.c
        g_ctrlTrfSetupPkt   0x000410       data     extern C:\PIC programs\USBDemoBoard_Firmware_4_6_1\USBFunctions.c
            g_ctrlTrfData   0x000418       data     extern C:\PIC programs\USBDemoBoard_Firmware_4_6_1\USBFunctions.c
 g_fromHostToDeviceBuffer   0x000420       data     extern C:\PIC programs\USBDemoBoard_Firmware_4_6_1\USBFunctions.c
 g_fromDeviceToHostBuffer   0x000461       data     extern C:\PIC programs\USBDemoBoard_Firmware_4_6_1\USBFunctions.c
                  SPPDATA   0x000f62       data     extern E:\MPASM_MPLINK_PIC18_LT_Branch_3_42\pic18-lt\cxx-framework\src\traditional\proc\p18f4550.asm
                   SPPCFG   0x000f63       data     extern E:\MPASM_MPLINK_PIC18_LT_Branch_3_42\pic18-lt\cxx-framework\src\traditional\proc\p18f4550.asm
               SPPCFGbits   0x000f63       data     extern E:\MPASM_MPLINK_PIC18_LT_Branch_3_42\pic18-lt\cxx-framework\src\traditional\proc\p18f4550.asm
               SPPEPSbits   0x000f64       data     extern E:\MPASM_MPLINK_PIC18_LT_Branch_3_42\pic18-lt\cxx-framework\src\traditional\proc\p18f4550.asm
                   SPPEPS   0x000f64       data     extern E:\MPASM_MPLINK_PIC18_LT_Branch_3_42\pic18-lt\cxx-framework\src\traditional\proc\p18f4550.asm
               SPPCONbits   0x000f65       data     extern E:\MPASM_MPLINK_PIC18_LT_Branch_3_42\pic18-lt\cxx-framework\src\traditional\proc\p18f4550.asm
                   SPPCON   0x000f65       data     extern E:\MPASM_MPLINK_PIC18_LT_Branch_3_42\pic18-lt\cxx-framework\src\traditional\proc\p18f4550.asm
                UFRMLbits   0x000f66       data     extern E:\MPASM_MPLINK_PIC18_LT_Branch_3_42\pic18-lt\cxx-framework\src\traditional\proc\p18f4550.asm
                    UFRML   0x000f66       data     extern E:\MPASM_MPLINK_PIC18_LT_Branch_3_42\pic18-lt\cxx-framework\src\traditional\proc\p18f4550.asm
                     UFRM   0x000f66       data     extern E:\MPASM_MPLINK_PIC18_LT_Branch_3_42\pic18-lt\cxx-framework\src\traditional\proc\p18f4550.asm
                UFRMHbits   0x000f67       data     extern E:\MPASM_MPLINK_PIC18_LT_Branch_3_42\pic18-lt\cxx-framework\src\traditional\proc\p18f4550.asm
                    UFRMH   0x000f67       data     extern E:\MPASM_MPLINK_PIC18_LT_Branch_3_42\pic18-lt\cxx-framework\src\traditional\proc\p18f4550.asm
                      UIR   0x000f68       data     extern E:\MPASM_MPLINK_PIC18_LT_Branch_3_42\pic18-lt\cxx-framework\src\traditional\proc\p18f4550.asm
                  UIRbits   0x000f68       data     extern E:\MPASM_MPLINK_PIC18_LT_Branch_3_42\pic18-lt\cxx-framework\src\traditional\proc\p18f4550.asm
                      UIE   0x000f69       data     extern E:\MPASM_MPLINK_PIC18_LT_Branch_3_42\pic18-lt\cxx-framework\src\traditional\proc\p18f4550.asm
                  UIEbits   0x000f69       data     extern E:\MPASM_MPLINK_PIC18_LT_Branch_3_42\pic18-lt\cxx-framework\src\traditional\proc\p18f4550.asm
                     UEIR   0x000f6a       data     extern E:\MPASM_MPLINK_PIC18_LT_Branch_3_42\pic18-lt\cxx-framework\src\traditional\proc\p18f4550.asm
                 UEIRbits   0x000f6a       data     extern E:\MPASM_MPLINK_PIC18_LT_Branch_3_42\pic18-lt\cxx-framework\src\traditional\proc\p18f4550.asm
                     UEIE   0x000f6b       data     extern E:\MPASM_MPLINK_PIC18_LT_Branch_3_42\pic18-lt\cxx-framework\src\traditional\proc\p18f4550.asm
                 UEIEbits   0x000f6b       data     extern E:\MPASM_MPLINK_PIC18_LT_Branch_3_42\pic18-lt\cxx-framework\src\traditional\proc\p18f4550.asm
                    USTAT   0x000f6c       data     extern E:\MPASM_MPLINK_PIC18_LT_Branch_3_42\pic18-lt\cxx-framework\src\traditional\proc\p18f4550.asm
                USTATbits   0x000f6c       data     extern E:\MPASM_MPLINK_PIC18_LT_Branch_3_42\pic18-lt\cxx-framework\src\traditional\proc\p18f4550.asm
                 UCONbits   0x000f6d       data     extern E:\MPASM_MPLINK_PIC18_LT_Branch_3_42\pic18-lt\cxx-framework\src\traditional\proc\p18f4550.asm
                     UCON   0x000f6d       data     extern E:\MPASM_MPLINK_PIC18_LT_Branch_3_42\pic18-lt\cxx-framework\src\traditional\proc\p18f4550.asm
                    UADDR   0x000f6e       data     extern E:\MPASM_MPLINK_PIC18_LT_Branch_3_42\pic18-lt\cxx-framework\src\traditional\proc\p18f4550.asm
                UADDRbits   0x000f6e       data     extern E:\MPASM_MPLINK_PIC18_LT_Branch_3_42\pic18-lt\cxx-framework\src\traditional\proc\p18f4550.asm
                 UCFGbits   0x000f6f       data     extern E:\MPASM_MPLINK_PIC18_LT_Branch_3_42\pic18-lt\cxx-framework\src\traditional\proc\p18f4550.asm
                     UCFG   0x000f6f       data     extern E:\MPASM_MPLINK_PIC18_LT_Branch_3_42\pic18-lt\cxx-framework\src\traditional\proc\p18f4550.asm
                 UEP0bits   0x000f70       data     extern E:\MPASM_MPLINK_PIC18_LT_Branch_3_42\pic18-lt\cxx-framework\src\traditional\proc\p18f4550.asm
                     UEP0   0x000f70       data     extern E:\MPASM_MPLINK_PIC18_LT_Branch_3_42\pic18-lt\cxx-framework\src\traditional\proc\p18f4550.asm
                     UEP1   0x000f71       data     extern E:\MPASM_MPLINK_PIC18_LT_Branch_3_42\pic18-lt\cxx-framework\src\traditional\proc\p18f4550.asm
                 UEP1bits   0x000f71       data     extern E:\MPASM_MPLINK_PIC18_LT_Branch_3_42\pic18-lt\cxx-framework\src\traditional\proc\p18f4550.asm
                     UEP2   0x000f72       data     extern E:\MPASM_MPLINK_PIC18_LT_Branch_3_42\pic18-lt\cxx-framework\src\traditional\proc\p18f4550.asm
                 UEP2bits   0x000f72       data     extern E:\MPASM_MPLINK_PIC18_LT_Branch_3_42\pic18-lt\cxx-framework\src\traditional\proc\p18f4550.asm
                     UEP3   0x000f73       data     extern E:\MPASM_MPLINK_PIC18_LT_Branch_3_42\pic18-lt\cxx-framework\src\traditional\proc\p18f4550.asm
                 UEP3bits   0x000f73       data     extern E:\MPASM_MPLINK_PIC18_LT_Branch_3_42\pic18-lt\cxx-framework\src\traditional\proc\p18f4550.asm
                     UEP4   0x000f74       data     extern E:\MPASM_MPLINK_PIC18_LT_Branch_3_42\pic18-lt\cxx-framework\src\traditional\proc\p18f4550.asm
                 UEP4bits   0x000f74       data     extern E:\MPASM_MPLINK_PIC18_LT_Branch_3_42\pic18-lt\cxx-framework\src\traditional\proc\p18f4550.asm
                     UEP5   0x000f75       data     extern E:\MPASM_MPLINK_PIC18_LT_Branch_3_42\pic18-lt\cxx-framework\src\traditional\proc\p18f4550.asm
                 UEP5bits   0x000f75       data     extern E:\MPASM_MPLINK_PIC18_LT_Branch_3_42\pic18-lt\cxx-framework\src\traditional\proc\p18f4550.asm
                     UEP6   0x000f76       data     extern E:\MPASM_MPLINK_PIC18_LT_Branch_3_42\pic18-lt\cxx-framework\src\traditional\proc\p18f4550.asm
                 UEP6bits   0x000f76       data     extern E:\MPASM_MPLINK_PIC18_LT_Branch_3_42\pic18-lt\cxx-framework\src\traditional\proc\p18f4550.asm
                     UEP7   0x000f77       data     extern E:\MPASM_MPLINK_PIC18_LT_Branch_3_42\pic18-lt\cxx-framework\src\traditional\proc\p18f4550.asm
                 UEP7bits   0x000f77       data     extern E:\MPASM_MPLINK_PIC18_LT_Branch_3_42\pic18-lt\cxx-framework\src\traditional\proc\p18f4550.asm
                 UEP8bits   0x000f78       data     extern E:\MPASM_MPLINK_PIC18_LT_Branch_3_42\pic18-lt\cxx-framework\src\traditional\proc\p18f4550.asm
                     UEP8   0x000f78       data     extern E:\MPASM_MPLINK_PIC18_LT_Branch_3_42\pic18-lt\cxx-framework\src\traditional\proc\p18f4550.asm
                     UEP9   0x000f79       data     extern E:\MPASM_MPLINK_PIC18_LT_Branch_3_42\pic18-lt\cxx-framework\src\traditional\proc\p18f4550.asm
                 UEP9bits   0x000f79       data     extern E:\MPASM_MPLINK_PIC18_LT_Branch_3_42\pic18-lt\cxx-framework\src\traditional\proc\p18f4550.asm
                UEP10bits   0x000f7a       data     extern E:\MPASM_MPLINK_PIC18_LT_Branch_3_42\pic18-lt\cxx-framework\src\traditional\proc\p18f4550.asm
                    UEP10   0x000f7a       data     extern E:\MPASM_MPLINK_PIC18_LT_Branch_3_42\pic18-lt\cxx-framework\src\traditional\proc\p18f4550.asm
                UEP11bits   0x000f7b       data     extern E:\MPASM_MPLINK_PIC18_LT_Branch_3_42\pic18-lt\cxx-framework\src\traditional\proc\p18f4550.asm
                    UEP11   0x000f7b       data     extern E:\MPASM_MPLINK_PIC18_LT_Branch_3_42\pic18-lt\cxx-framework\src\traditional\proc\p18f4550.asm
                UEP12bits   0x000f7c       data     extern E:\MPASM_MPLINK_PIC18_LT_Branch_3_42\pic18-lt\cxx-framework\src\traditional\proc\p18f4550.asm
                    UEP12   0x000f7c       data     extern E:\MPASM_MPLINK_PIC18_LT_Branch_3_42\pic18-lt\cxx-framework\src\traditional\proc\p18f4550.asm
                UEP13bits   0x000f7d       data     extern E:\MPASM_MPLINK_PIC18_LT_Branch_3_42\pic18-lt\cxx-framework\src\traditional\proc\p18f4550.asm
                    UEP13   0x000f7d       data     extern E:\MPASM_MPLINK_PIC18_LT_Branch_3_42\pic18-lt\cxx-framework\src\traditional\proc\p18f4550.asm
                UEP14bits   0x000f7e       data     extern E:\MPASM_MPLINK_PIC18_LT_Branch_3_42\pic18-lt\cxx-framework\src\traditional\proc\p18f4550.asm
                    UEP14   0x000f7e       data     extern E:\MPASM_MPLINK_PIC18_LT_Branch_3_42\pic18-lt\cxx-framework\src\traditional\proc\p18f4550.asm
                UEP15bits   0x000f7f       data     extern E:\MPASM_MPLINK_PIC18_LT_Branch_3_42\pic18-lt\cxx-framework\src\traditional\proc\p18f4550.asm
                    UEP15   0x000f7f       data     extern E:\MPASM_MPLINK_PIC18_LT_Branch_3_42\pic18-lt\cxx-framework\src\traditional\proc\p18f4550.asm
                PORTAbits   0x000f80       data     extern E:\MPASM_MPLINK_PIC18_LT_Branch_3_42\pic18-lt\cxx-framework\src\traditional\proc\p18f4550.asm
                    PORTA   0x000f80       data     extern E:\MPASM_MPLINK_PIC18_LT_Branch_3_42\pic18-lt\cxx-framework\src\traditional\proc\p18f4550.asm
                PORTBbits   0x000f81       data     extern E:\MPASM_MPLINK_PIC18_LT_Branch_3_42\pic18-lt\cxx-framework\src\traditional\proc\p18f4550.asm
                    PORTB   0x000f81       data     extern E:\MPASM_MPLINK_PIC18_LT_Branch_3_42\pic18-lt\cxx-framework\src\traditional\proc\p18f4550.asm
                PORTCbits   0x000f82       data     extern E:\MPASM_MPLINK_PIC18_LT_Branch_3_42\pic18-lt\cxx-framework\src\traditional\proc\p18f4550.asm
                    PORTC   0x000f82       data     extern E:\MPASM_MPLINK_PIC18_LT_Branch_3_42\pic18-lt\cxx-framework\src\traditional\proc\p18f4550.asm
                PORTDbits   0x000f83       data     extern E:\MPASM_MPLINK_PIC18_LT_Branch_3_42\pic18-lt\cxx-framework\src\traditional\proc\p18f4550.asm
                    PORTD   0x000f83       data     extern E:\MPASM_MPLINK_PIC18_LT_Branch_3_42\pic18-lt\cxx-framework\src\traditional\proc\p18f4550.asm
                    PORTE   0x000f84       data     extern E:\MPASM_MPLINK_PIC18_LT_Branch_3_42\pic18-lt\cxx-framework\src\traditional\proc\p18f4550.asm
                PORTEbits   0x000f84       data     extern E:\MPASM_MPLINK_PIC18_LT_Branch_3_42\pic18-lt\cxx-framework\src\traditional\proc\p18f4550.asm
                 LATAbits   0x000f89       data     extern E:\MPASM_MPLINK_PIC18_LT_Branch_3_42\pic18-lt\cxx-framework\src\traditional\proc\p18f4550.asm
                     LATA   0x000f89       data     extern E:\MPASM_MPLINK_PIC18_LT_Branch_3_42\pic18-lt\cxx-framework\src\traditional\proc\p18f4550.asm
                 LATBbits   0x000f8a       data     extern E:\MPASM_MPLINK_PIC18_LT_Branch_3_42\pic18-lt\cxx-framework\src\traditional\proc\p18f4550.asm
                     LATB   0x000f8a       data     extern E:\MPASM_MPLINK_PIC18_LT_Branch_3_42\pic18-lt\cxx-framework\src\traditional\proc\p18f4550.asm
                     LATC   0x000f8b       data     extern E:\MPASM_MPLINK_PIC18_LT_Branch_3_42\pic18-lt\cxx-framework\src\traditional\proc\p18f4550.asm
                 LATCbits   0x000f8b       data     extern E:\MPASM_MPLINK_PIC18_LT_Branch_3_42\pic18-lt\cxx-framework\src\traditional\proc\p18f4550.asm
                     LATD   0x000f8c       data     extern E:\MPASM_MPLINK_PIC18_LT_Branch_3_42\pic18-lt\cxx-framework\src\traditional\proc\p18f4550.asm
                 LATDbits   0x000f8c       data     extern E:\MPASM_MPLINK_PIC18_LT_Branch_3_42\pic18-lt\cxx-framework\src\traditional\proc\p18f4550.asm
                     LATE   0x000f8d       data     extern E:\MPASM_MPLINK_PIC18_LT_Branch_3_42\pic18-lt\cxx-framework\src\traditional\proc\p18f4550.asm
                 LATEbits   0x000f8d       data     extern E:\MPASM_MPLINK_PIC18_LT_Branch_3_42\pic18-lt\cxx-framework\src\traditional\proc\p18f4550.asm
                TRISAbits   0x000f92       data     extern E:\MPASM_MPLINK_PIC18_LT_Branch_3_42\pic18-lt\cxx-framework\src\traditional\proc\p18f4550.asm
                 DDRAbits   0x000f92       data     extern E:\MPASM_MPLINK_PIC18_LT_Branch_3_42\pic18-lt\cxx-framework\src\traditional\proc\p18f4550.asm
                     DDRA   0x000f92       data     extern E:\MPASM_MPLINK_PIC18_LT_Branch_3_42\pic18-lt\cxx-framework\src\traditional\proc\p18f4550.asm
                    TRISA   0x000f92       data     extern E:\MPASM_MPLINK_PIC18_LT_Branch_3_42\pic18-lt\cxx-framework\src\traditional\proc\p18f4550.asm
                    TRISB   0x000f93       data     extern E:\MPASM_MPLINK_PIC18_LT_Branch_3_42\pic18-lt\cxx-framework\src\traditional\proc\p18f4550.asm
                TRISBbits   0x000f93       data     extern E:\MPASM_MPLINK_PIC18_LT_Branch_3_42\pic18-lt\cxx-framework\src\traditional\proc\p18f4550.asm
                     DDRB   0x000f93       data     extern E:\MPASM_MPLINK_PIC18_LT_Branch_3_42\pic18-lt\cxx-framework\src\traditional\proc\p18f4550.asm
                 DDRBbits   0x000f93       data     extern E:\MPASM_MPLINK_PIC18_LT_Branch_3_42\pic18-lt\cxx-framework\src\traditional\proc\p18f4550.asm
                    TRISC   0x000f94       data     extern E:\MPASM_MPLINK_PIC18_LT_Branch_3_42\pic18-lt\cxx-framework\src\traditional\proc\p18f4550.asm
                TRISCbits   0x000f94       data     extern E:\MPASM_MPLINK_PIC18_LT_Branch_3_42\pic18-lt\cxx-framework\src\traditional\proc\p18f4550.asm
                 DDRCbits   0x000f94       data     extern E:\MPASM_MPLINK_PIC18_LT_Branch_3_42\pic18-lt\cxx-framework\src\traditional\proc\p18f4550.asm
                     DDRC   0x000f94       data     extern E:\MPASM_MPLINK_PIC18_LT_Branch_3_42\pic18-lt\cxx-framework\src\traditional\proc\p18f4550.asm
                TRISDbits   0x000f95       data     extern E:\MPASM_MPLINK_PIC18_LT_Branch_3_42\pic18-lt\cxx-framework\src\traditional\proc\p18f4550.asm
                    TRISD   0x000f95       data     extern E:\MPASM_MPLINK_PIC18_LT_Branch_3_42\pic18-lt\cxx-framework\src\traditional\proc\p18f4550.asm
                     DDRD   0x000f95       data     extern E:\MPASM_MPLINK_PIC18_LT_Branch_3_42\pic18-lt\cxx-framework\src\traditional\proc\p18f4550.asm
                 DDRDbits   0x000f95       data     extern E:\MPASM_MPLINK_PIC18_LT_Branch_3_42\pic18-lt\cxx-framework\src\traditional\proc\p18f4550.asm
                TRISEbits   0x000f96       data     extern E:\MPASM_MPLINK_PIC18_LT_Branch_3_42\pic18-lt\cxx-framework\src\traditional\proc\p18f4550.asm
                    TRISE   0x000f96       data     extern E:\MPASM_MPLINK_PIC18_LT_Branch_3_42\pic18-lt\cxx-framework\src\traditional\proc\p18f4550.asm
[...]
                    RCSTA   0x000fab       data     extern E:\MPASM_MPLINK_PIC18_LT_Branch_3_42\pic18-lt\cxx-framework\src\traditional\proc\p18f4550.asm
                    TXSTA   0x000fac       data     extern E:\MPASM_MPLINK_PIC18_LT_Branch_3_42\pic18-lt\cxx-framework\src\traditional\proc\p18f4550.asm
                TXSTAbits   0x000fac       data     extern E:\MPASM_MPLINK_PIC18_LT_Branch_3_42\pic18-lt\cxx-framework\src\traditional\proc\p18f4550.asm
                    TXREG   0x000fad       data     extern E:\MPASM_MPLINK_PIC18_LT_Branch_3_42\pic18-lt\cxx-framework\src\traditional\proc\p18f4550.asm
                    RCREG   0x000fae       data     extern E:\MPASM_MPLINK_PIC18_LT_Branch_3_42\pic18-lt\cxx-framework\src\traditional\proc\p18f4550.asm
                    SPBRG   0x000faf       data     extern E:\MPASM_MPLINK_PIC18_LT_Branch_3_42\pic18-lt\cxx-framework\src\traditional\proc\p18f4550.asm
                   SPBRGH   0x000fb0       data     extern E:\MPASM_MPLINK_PIC18_LT_Branch_3_42\pic18-lt\cxx-framework\src\traditional\proc\p18f4550.asm
                T3CONbits   0x000fb1       data     extern E:\MPASM_MPLINK_PIC18_LT_Branch_3_42\pic18-lt\cxx-framework\src\traditional\proc\p18f4550.asm
                    T3CON   0x000fb1       data     extern E:\MPASM_MPLINK_PIC18_LT_Branch_3_42\pic18-lt\cxx-framework\src\traditional\proc\p18f4550.asm
                    TMR3L   0x000fb2       data     extern E:\MPASM_MPLINK_PIC18_LT_Branch_3_42\pic18-lt\cxx-framework\src\traditional\proc\p18f4550.asm
                    TMR3H   0x000fb3       data     extern E:\MPASM_MPLINK_PIC18_LT_Branch_3_42\pic18-lt\cxx-framework\src\traditional\proc\p18f4550.asm
                CMCONbits   0x000fb4       data     extern E:\MPASM_MPLINK_PIC18_LT_Branch_3_42\pic18-lt\cxx-framework\src\traditional\proc\p18f4550.asm
                    CMCON   0x000fb4       data     extern E:\MPASM_MPLINK_PIC18_LT_Branch_3_42\pic18-lt\cxx-framework\src\traditional\proc\p18f4550.asm
               CVRCONbits   0x000fb5       data     extern E:\MPASM_MPLINK_PIC18_LT_Branch_3_42\pic18-lt\cxx-framework\src\traditional\proc\p18f4550.asm
                   CVRCON   0x000fb5       data     extern E:\MPASM_MPLINK_PIC18_LT_Branch_3_42\pic18-lt\cxx-framework\src\traditional\proc\p18f4550.asm
              ECCP1ASbits   0x000fb6       data     extern E:\MPASM_MPLINK_PIC18_LT_Branch_3_42\pic18-lt\cxx-framework\src\traditional\proc\p18f4550.asm
                  ECCP1AS   0x000fb6       data     extern E:\MPASM_MPLINK_PIC18_LT_Branch_3_42\pic18-lt\cxx-framework\src\traditional\proc\p18f4550.asm
                   CCP1AS   0x000fb6       data     extern E:\MPASM_MPLINK_PIC18_LT_Branch_3_42\pic18-lt\cxx-framework\src\traditional\proc\p18f4550.asm
               CCP1ASbits   0x000fb6       data     extern E:\MPASM_MPLINK_PIC18_LT_Branch_3_42\pic18-lt\cxx-framework\src\traditional\proc\p18f4550.asm
                 ECCP1DEL   0x000fb7       data     extern E:\MPASM_MPLINK_PIC18_LT_Branch_3_42\pic18-lt\cxx-framework\src\traditional\proc\p18f4550.asm
             ECCP1DELbits   0x000fb7       data     extern E:\MPASM_MPLINK_PIC18_LT_Branch_3_42\pic18-lt\cxx-framework\src\traditional\proc\p18f4550.asm
              CCP1DELbits   0x000fb7       data     extern E:\MPASM_MPLINK_PIC18_LT_Branch_3_42\pic18-lt\cxx-framework\src\traditional\proc\p18f4550.asm
                  CCP1DEL   0x000fb7       data     extern E:\MPASM_MPLINK_PIC18_LT_Branch_3_42\pic18-lt\cxx-framework\src\traditional\proc\p18f4550.asm
                  BAUDCON   0x000fb8       data     extern E:\MPASM_MPLINK_PIC18_LT_Branch_3_42\pic18-lt\cxx-framework\src\traditional\proc\p18f4550.asm
              BAUDCONbits   0x000fb8       data     extern E:\MPASM_MPLINK_PIC18_LT_Branch_3_42\pic18-lt\cxx-framework\src\traditional\proc\p18f4550.asm
                  BAUDCTL   0x000fb8       data     extern E:\MPASM_MPLINK_PIC18_LT_Branch_3_42\pic18-lt\cxx-framework\src\traditional\proc\p18f4550.asm
              BAUDCTLbits   0x000fb8       data     extern E:\MPASM_MPLINK_PIC18_LT_Branch_3_42\pic18-lt\cxx-framework\src\traditional\proc\p18f4550.asm
              CCP2CONbits   0x000fba       data     extern E:\MPASM_MPLINK_PIC18_LT_Branch_3_42\pic18-lt\cxx-framework\src\traditional\proc\p18f4550.asm
                  CCP2CON   0x000fba       data     extern E:\MPASM_MPLINK_PIC18_LT_Branch_3_42\pic18-lt\cxx-framework\src\traditional\proc\p18f4550.asm
                    CCPR2   0x000fbb       data     extern E:\MPASM_MPLINK_PIC18_LT_Branch_3_42\pic18-lt\cxx-framework\src\traditional\proc\p18f4550.asm
                   CCPR2L   0x000fbb       data     extern E:\MPASM_MPLINK_PIC18_LT_Branch_3_42\pic18-lt\cxx-framework\src\traditional\proc\p18f4550.asm
                   CCPR2H   0x000fbc       data     extern E:\MPASM_MPLINK_PIC18_LT_Branch_3_42\pic18-lt\cxx-framework\src\traditional\proc\p18f4550.asm
             ECCP1CONbits   0x000fbd       data     extern E:\MPASM_MPLINK_PIC18_LT_Branch_3_42\pic18-lt\cxx-framework\src\traditional\proc\p18f4550.asm
              CCP1CONbits   0x000fbd       data     extern E:\MPASM_MPLINK_PIC18_LT_Branch_3_42\pic18-lt\cxx-framework\src\traditional\proc\p18f4550.asm
                  CCP1CON   0x000fbd       data     extern E:\MPASM_MPLINK_PIC18_LT_Branch_3_42\pic18-lt\cxx-framework\src\traditional\proc\p18f4550.asm
                 ECCP1CON   0x000fbd       data     extern E:\MPASM_MPLINK_PIC18_LT_Branch_3_42\pic18-lt\cxx-framework\src\traditional\proc\p18f4550.asm
                   CCPR1L   0x000fbe       data     extern E:\MPASM_MPLINK_PIC18_LT_Branch_3_42\pic18-lt\cxx-framework\src\traditional\proc\p18f4550.asm
                    CCPR1   0x000fbe       data     extern E:\MPASM_MPLINK_PIC18_LT_Branch_3_42\pic18-lt\cxx-framework\src\traditional\proc\p18f4550.asm
                   CCPR1H   0x000fbf       data     extern E:\MPASM_MPLINK_PIC18_LT_Branch_3_42\pic18-lt\cxx-framework\src\traditional\proc\p18f4550.asm
                   ADCON2   0x000fc0       data     extern E:\MPASM_MPLINK_PIC18_LT_Branch_3_42\pic18-lt\cxx-framework\src\traditional\proc\p18f4550.asm
               ADCON2bits   0x000fc0       data     extern E:\MPASM_MPLINK_PIC18_LT_Branch_3_42\pic18-lt\cxx-framework\src\traditional\proc\p18f4550.asm
               ADCON1bits   0x000fc1       data     extern E:\MPASM_MPLINK_PIC18_LT_Branch_3_42\pic18-lt\cxx-framework\src\traditional\proc\p18f4550.asm
                   ADCON1   0x000fc1       data     extern E:\MPASM_MPLINK_PIC18_LT_Branch_3_42\pic18-lt\cxx-framework\src\traditional\proc\p18f4550.asm
               ADCON0bits   0x000fc2       data     extern E:\MPASM_MPLINK_PIC18_LT_Branch_3_42\pic18-lt\cxx-framework\src\traditional\proc\p18f4550.asm
                   ADCON0   0x000fc2       data     extern E:\MPASM_MPLINK_PIC18_LT_Branch_3_42\pic18-lt\cxx-framework\src\traditional\proc\p18f4550.asm
                    ADRES   0x000fc3       data     extern E:\MPASM_MPLINK_PIC18_LT_Branch_3_42\pic18-lt\cxx-framework\src\traditional\proc\p18f4550.asm
                   ADRESL   0x000fc3       data     extern E:\MPASM_MPLINK_PIC18_LT_Branch_3_42\pic18-lt\cxx-framework\src\traditional\proc\p18f4550.asm
                   ADRESH   0x000fc4       data     extern E:\MPASM_MPLINK_PIC18_LT_Branch_3_42\pic18-lt\cxx-framework\src\traditional\proc\p18f4550.asm
                  SSPCON2   0x000fc5       data     extern E:\MPASM_MPLINK_PIC18_LT_Branch_3_42\pic18-lt\cxx-framework\src\traditional\proc\p18f4550.asm
              SSPCON2bits   0x000fc5       data     extern E:\MPASM_MPLINK_PIC18_LT_Branch_3_42\pic18-lt\cxx-framework\src\traditional\proc\p18f4550.asm
                  SSPCON1   0x000fc6       data     extern E:\MPASM_MPLINK_PIC18_LT_Branch_3_42\pic18-lt\cxx-framework\src\traditional\proc\p18f4550.asm
              SSPCON1bits   0x000fc6       data     extern E:\MPASM_MPLINK_PIC18_LT_Branch_3_42\pic18-lt\cxx-framework\src\traditional\proc\p18f4550.asm
                  SSPSTAT   0x000fc7       data     extern E:\MPASM_MPLINK_PIC18_LT_Branch_3_42\pic18-lt\cxx-framework\src\traditional\proc\p18f4550.asm
              SSPSTATbits   0x000fc7       data     extern E:\MPASM_MPLINK_PIC18_LT_Branch_3_42\pic18-lt\cxx-framework\src\traditional\proc\p18f4550.asm
                   SSPADD   0x000fc8       data     extern E:\MPASM_MPLINK_PIC18_LT_Branch_3_42\pic18-lt\cxx-framework\src\traditional\proc\p18f4550.asm
                   SSPBUF   0x000fc9       data     extern E:\MPASM_MPLINK_PIC18_LT_Branch_3_42\pic18-lt\cxx-framework\src\traditional\proc\p18f4550.asm
                    T2CON   0x000fca       data     extern E:\MPASM_MPLINK_PIC18_LT_Branch_3_42\pic18-lt\cxx-framework\src\traditional\proc\p18f4550.asm
                T2CONbits   0x000fca       data     extern E:\MPASM_MPLINK_PIC18_LT_Branch_3_42\pic18-lt\cxx-framework\src\traditional\proc\p18f4550.asm
                      PR2   0x000fcb       data     extern E:\MPASM_MPLINK_PIC18_LT_Branch_3_42\pic18-lt\cxx-framework\src\traditional\proc\p18f4550.asm
                     TMR2   0x000fcc       data     extern E:\MPASM_MPLINK_PIC18_LT_Branch_3_42\pic18-lt\cxx-framework\src\traditional\proc\p18f4550.asm
                T1CONbits   0x000fcd       data     extern E:\MPASM_MPLINK_PIC18_LT_Branch_3_42\pic18-lt\cxx-framework\src\traditional\proc\p18f4550.asm
                    T1CON   0x000fcd       data     extern E:\MPASM_MPLINK_PIC18_LT_Branch_3_42\pic18-lt\cxx-framework\src\traditional\proc\p18f4550.asm
                    TMR1L   0x000fce       data     extern E:\MPASM_MPLINK_PIC18_LT_Branch_3_42\pic18-lt\cxx-framework\src\traditional\proc\p18f4550.asm
                    TMR1H   0x000fcf       data     extern E:\MPASM_MPLINK_PIC18_LT_Branch_3_42\pic18-lt\cxx-framework\src\traditional\proc\p18f4550.asm
                 RCONbits   0x000fd0       data     extern E:\MPASM_MPLINK_PIC18_LT_Branch_3_42\pic18-lt\cxx-framework\src\traditional\proc\p18f4550.asm
                     RCON   0x000fd0       data     extern E:\MPASM_MPLINK_PIC18_LT_Branch_3_42\pic18-lt\cxx-framework\src\traditional\proc\p18f4550.asm
                   WDTCON   0x000fd1       data     extern E:\MPASM_MPLINK_PIC18_LT_Branch_3_42\pic18-lt\cxx-framework\src\traditional\proc\p18f4550.asm
               WDTCONbits   0x000fd1       data     extern E:\MPASM_MPLINK_PIC18_LT_Branch_3_42\pic18-lt\cxx-framework\src\traditional\proc\p18f4550.asm
               LVDCONbits   0x000fd2       data     extern E:\MPASM_MPLINK_PIC18_LT_Branch_3_42\pic18-lt\cxx-framework\src\traditional\proc\p18f4550.asm
                   LVDCON   0x000fd2       data     extern E:\MPASM_MPLINK_PIC18_LT_Branch_3_42\pic18-lt\cxx-framework\src\traditional\proc\p18f4550.asm
                  HLVDCON   0x000fd2       data     extern E:\MPASM_MPLINK_PIC18_LT_Branch_3_42\pic18-lt\cxx-framework\src\traditional\proc\p18f4550.asm
              HLVDCONbits   0x000fd2       data     extern E:\MPASM_MPLINK_PIC18_LT_Branch_3_42\pic18-lt\cxx-framework\src\traditional\proc\p18f4550.asm
               OSCCONbits   0x000fd3       data     extern E:\MPASM_MPLINK_PIC18_LT_Branch_3_42\pic18-lt\cxx-framework\src\traditional\proc\p18f4550.asm
                   OSCCON   0x000fd3       data     extern E:\MPASM_MPLINK_PIC18_LT_Branch_3_42\pic18-lt\cxx-framework\src\traditional\proc\p18f4550.asm
                T0CONbits   0x000fd5       data     extern E:\MPASM_MPLINK_PIC18_LT_Branch_3_42\pic18-lt\cxx-framework\src\traditional\proc\p18f4550.asm
                    T0CON   0x000fd5       data     extern E:\MPASM_MPLINK_PIC18_LT_Branch_3_42\pic18-lt\cxx-framework\src\traditional\proc\p18f4550.asm
                    TMR0L   0x000fd6       data     extern E:\MPASM_MPLINK_PIC18_LT_Branch_3_42\pic18-lt\cxx-framework\src\traditional\proc\p18f4550.asm
                    TMR0H   0x000fd7       data     extern E:\MPASM_MPLINK_PIC18_LT_Branch_3_42\pic18-lt\cxx-framework\src\traditional\proc\p18f4550.asm
                   STATUS   0x000fd8       data     extern E:\MPASM_MPLINK_PIC18_LT_Branch_3_42\pic18-lt\cxx-framework\src\traditional\proc\p18f4550.asm
               STATUSbits   0x000fd8       data     extern E:\MPASM_MPLINK_PIC18_LT_Branch_3_42\pic18-lt\cxx-framework\src\traditional\proc\p18f4550.asm
                    FSR2L   0x000fd9       data     extern E:\MPASM_MPLINK_PIC18_LT_Branch_3_42\pic18-lt\cxx-framework\src\traditional\proc\p18f4550.asm
                     FSR2   0x000fd9       data     extern E:\MPASM_MPLINK_PIC18_LT_Branch_3_42\pic18-lt\cxx-framework\src\traditional\proc\p18f4550.asm
                    FSR2H   0x000fda       data     extern E:\MPASM_MPLINK_PIC18_LT_Branch_3_42\pic18-lt\cxx-framework\src\traditional\proc\p18f4550.asm
                   PLUSW2   0x000fdb       data     extern E:\MPASM_MPLINK_PIC18_LT_Branch_3_42\pic18-lt\cxx-framework\src\traditional\proc\p18f4550.asm
                  PREINC2   0x000fdc       data     extern E:\MPASM_MPLINK_PIC18_LT_Branch_3_42\pic18-lt\cxx-framework\src\traditional\proc\p18f4550.asm
                 POSTDEC2   0x000fdd       data     extern E:\MPASM_MPLINK_PIC18_LT_Branch_3_42\pic18-lt\cxx-framework\src\traditional\proc\p18f4550.asm
                 POSTINC2   0x000fde       data     extern E:\MPASM_MPLINK_PIC18_LT_Branch_3_42\pic18-lt\cxx-framework\src\traditional\proc\p18f4550.asm
                    INDF2   0x000fdf       data     extern E:\MPASM_MPLINK_PIC18_LT_Branch_3_42\pic18-lt\cxx-framework\src\traditional\proc\p18f4550.asm
                      BSR   0x000fe0       data     extern E:\MPASM_MPLINK_PIC18_LT_Branch_3_42\pic18-lt\cxx-framework\src\traditional\proc\p18f4550.asm
                     FSR1   0x000fe1       data     extern E:\MPASM_MPLINK_PIC18_LT_Branch_3_42\pic18-lt\cxx-framework\src\traditional\proc\p18f4550.asm
                    FSR1L   0x000fe1       data     extern E:\MPASM_MPLINK_PIC18_LT_Branch_3_42\pic18-lt\cxx-framework\src\traditional\proc\p18f4550.asm
                    FSR1H   0x000fe2       data     extern E:\MPASM_MPLINK_PIC18_LT_Branch_3_42\pic18-lt\cxx-framework\src\traditional\proc\p18f4550.asm
                   PLUSW1   0x000fe3       data     extern E:\MPASM_MPLINK_PIC18_LT_Branch_3_42\pic18-lt\cxx-framework\src\traditional\proc\p18f4550.asm
                  PREINC1   0x000fe4       data     extern E:\MPASM_MPLINK_PIC18_LT_Branch_3_42\pic18-lt\cxx-framework\src\traditional\proc\p18f4550.asm
                 POSTDEC1   0x000fe5       data     extern E:\MPASM_MPLINK_PIC18_LT_Branch_3_42\pic18-lt\cxx-framework\src\traditional\proc\p18f4550.asm
                 POSTINC1   0x000fe6       data     extern E:\MPASM_MPLINK_PIC18_LT_Branch_3_42\pic18-lt\cxx-framework\src\traditional\proc\p18f4550.asm
                    INDF1   0x000fe7       data     extern E:\MPASM_MPLINK_PIC18_LT_Branch_3_42\pic18-lt\cxx-framework\src\traditional\proc\p18f4550.asm
                     WREG   0x000fe8       data     extern E:\MPASM_MPLINK_PIC18_LT_Branch_3_42\pic18-lt\cxx-framework\src\traditional\proc\p18f4550.asm
                    FSR0L   0x000fe9       data     extern E:\MPASM_MPLINK_PIC18_LT_Branch_3_42\pic18-lt\cxx-framework\src\traditional\proc\p18f4550.asm
                     FSR0   0x000fe9       data     extern E:\MPASM_MPLINK_PIC18_LT_Branch_3_42\pic18-lt\cxx-framework\src\traditional\proc\p18f4550.asm
                    FSR0H   0x000fea       data     extern E:\MPASM_MPLINK_PIC18_LT_Branch_3_42\pic18-lt\cxx-framework\src\traditional\proc\p18f4550.asm
                   PLUSW0   0x000feb       data     extern E:\MPASM_MPLINK_PIC18_LT_Branch_3_42\pic18-lt\cxx-framework\src\traditional\proc\p18f4550.asm
                  PREINC0   0x000fec       data     extern E:\MPASM_MPLINK_PIC18_LT_Branch_3_42\pic18-lt\cxx-framework\src\traditional\proc\p18f4550.asm
                 POSTDEC0   0x000fed       data     extern E:\MPASM_MPLINK_PIC18_LT_Branch_3_42\pic18-lt\cxx-framework\src\traditional\proc\p18f4550.asm
                 POSTINC0   0x000fee       data     extern E:\MPASM_MPLINK_PIC18_LT_Branch_3_42\pic18-lt\cxx-framework\src\traditional\proc\p18f4550.asm
                    INDF0   0x000fef       data     extern E:\MPASM_MPLINK_PIC18_LT_Branch_3_42\pic18-lt\cxx-framework\src\traditional\proc\p18f4550.asm
                  INTCON3   0x000ff0       data     extern E:\MPASM_MPLINK_PIC18_LT_Branch_3_42\pic18-lt\cxx-framework\src\traditional\proc\p18f4550.asm
              INTCON3bits   0x000ff0       data     extern E:\MPASM_MPLINK_PIC18_LT_Branch_3_42\pic18-lt\cxx-framework\src\traditional\proc\p18f4550.asm
                  INTCON2   0x000ff1       data     extern E:\MPASM_MPLINK_PIC18_LT_Branch_3_42\pic18-lt\cxx-framework\src\traditional\proc\p18f4550.asm
              INTCON2bits   0x000ff1       data     extern E:\MPASM_MPLINK_PIC18_LT_Branch_3_42\pic18-lt\cxx-framework\src\traditional\proc\p18f4550.asm
               INTCONbits   0x000ff2       data     extern E:\MPASM_MPLINK_PIC18_LT_Branch_3_42\pic18-lt\cxx-framework\src\traditional\proc\p18f4550.asm
                   INTCON   0x000ff2       data     extern E:\MPASM_MPLINK_PIC18_LT_Branch_3_42\pic18-lt\cxx-framework\src\traditional\proc\p18f4550.asm
                    PRODL   0x000ff3       data     extern E:\MPASM_MPLINK_PIC18_LT_Branch_3_42\pic18-lt\cxx-framework\src\traditional\proc\p18f4550.asm
                     PROD   0x000ff3       data     extern E:\MPASM_MPLINK_PIC18_LT_Branch_3_42\pic18-lt\cxx-framework\src\traditional\proc\p18f4550.asm
                    PRODH   0x000ff4       data     extern E:\MPASM_MPLINK_PIC18_LT_Branch_3_42\pic18-lt\cxx-framework\src\traditional\proc\p18f4550.asm
                   TABLAT   0x000ff5       data     extern E:\MPASM_MPLINK_PIC18_LT_Branch_3_42\pic18-lt\cxx-framework\src\traditional\proc\p18f4550.asm
                   TBLPTR   0x000ff6       data     extern E:\MPASM_MPLINK_PIC18_LT_Branch_3_42\pic18-lt\cxx-framework\src\traditional\proc\p18f4550.asm
                  TBLPTRL   0x000ff6       data     extern E:\MPASM_MPLINK_PIC18_LT_Branch_3_42\pic18-lt\cxx-framework\src\traditional\proc\p18f4550.asm
                  TBLPTRH   0x000ff7       data     extern E:\MPASM_MPLINK_PIC18_LT_Branch_3_42\pic18-lt\cxx-framework\src\traditional\proc\p18f4550.asm
                  TBLPTRU   0x000ff8       data     extern E:\MPASM_MPLINK_PIC18_LT_Branch_3_42\pic18-lt\cxx-framework\src\traditional\proc\p18f4550.asm
                      PCL   0x000ff9       data     extern E:\MPASM_MPLINK_PIC18_LT_Branch_3_42\pic18-lt\cxx-framework\src\traditional\proc\p18f4550.asm
                       PC   0x000ff9       data     extern E:\MPASM_MPLINK_PIC18_LT_Branch_3_42\pic18-lt\cxx-framework\src\traditional\proc\p18f4550.asm
                   PCLATH   0x000ffa       data     extern E:\MPASM_MPLINK_PIC18_LT_Branch_3_42\pic18-lt\cxx-framework\src\traditional\proc\p18f4550.asm
                   PCLATU   0x000ffb       data     extern E:\MPASM_MPLINK_PIC18_LT_Branch_3_42\pic18-lt\cxx-framework\src\traditional\proc\p18f4550.asm
                   STKPTR   0x000ffc       data     extern E:\MPASM_MPLINK_PIC18_LT_Branch_3_42\pic18-lt\cxx-framework\src\traditional\proc\p18f4550.asm
               STKPTRbits   0x000ffc       data     extern E:\MPASM_MPLINK_PIC18_LT_Branch_3_42\pic18-lt\cxx-framework\src\traditional\proc\p18f4550.asm
                     TOSL   0x000ffd       data     extern E:\MPASM_MPLINK_PIC18_LT_Branch_3_42\pic18-lt\cxx-framework\src\traditional\proc\p18f4550.asm
                      TOS   0x000ffd       data     extern E:\MPASM_MPLINK_PIC18_LT_Branch_3_42\pic18-lt\cxx-framework\src\traditional\proc\p18f4550.asm
                     TOSH   0x000ffe       data     extern E:\MPASM_MPLINK_PIC18_LT_Branch_3_42\pic18-lt\cxx-framework\src\traditional\proc\p18f4550.asm
                     TOSU   0x000fff       data     extern E:\MPASM_MPLINK_PIC18_LT_Branch_3_42\pic18-lt\cxx-framework\src\traditional\proc\p18f4550.asm


